Archive member included to satisfy reference by file (symbol)

.\CortexM3\ARM_GCC_541\Debug\01_Electronic_GasPedal.a(ErikaOS_ee_activate.o)
                              .\CortexM3\ARM_GCC_541\Debug\main.o (EE_oo_ActivateTask)
.\CortexM3\ARM_GCC_541\Debug\01_Electronic_GasPedal.a(ErikaOS_ee_alsetrel.o)
                              .\CortexM3\ARM_GCC_541\Debug\main.o (EE_oo_SetRelAlarm)
.\CortexM3\ARM_GCC_541\Debug\01_Electronic_GasPedal.a(ErikaOS_ee_altick.o)
                              .\CortexM3\ARM_GCC_541\Debug\01_Electronic_GasPedal.a(ErikaOS_ee_alsetrel.o) (EE_oo_counter_object_insert)
.\CortexM3\ARM_GCC_541\Debug\01_Electronic_GasPedal.a(ErikaOS_ee_evclear.o)
                              .\CortexM3\ARM_GCC_541\Debug\tsk_control.o (EE_oo_ClearEvent)
.\CortexM3\ARM_GCC_541\Debug\01_Electronic_GasPedal.a(ErikaOS_ee_evget.o)
                              .\CortexM3\ARM_GCC_541\Debug\tsk_control.o (EE_oo_GetEvent)
.\CortexM3\ARM_GCC_541\Debug\01_Electronic_GasPedal.a(ErikaOS_ee_evset.o)
                              .\CortexM3\ARM_GCC_541\Debug\swc_brakelight.o (EE_oo_SetEvent)
.\CortexM3\ARM_GCC_541\Debug\01_Electronic_GasPedal.a(ErikaOS_ee_evwait.o)
                              .\CortexM3\ARM_GCC_541\Debug\tsk_control.o (EE_oo_WaitEvent)
.\CortexM3\ARM_GCC_541\Debug\01_Electronic_GasPedal.a(ErikaOS_ee_irqendin.o)
                              .\CortexM3\ARM_GCC_541\Debug\main.o (EE_IRQ_end_post_stub)
.\CortexM3\ARM_GCC_541\Debug\01_Electronic_GasPedal.a(ErikaOS_ee_lookup.o)
                              .\CortexM3\ARM_GCC_541\Debug\01_Electronic_GasPedal.a(ErikaOS_ee_irqendin.o) (EE_oo_IRQ_disable_count)
.\CortexM3\ARM_GCC_541\Debug\01_Electronic_GasPedal.a(ErikaOS_ee_rq_exchg.o)
                              .\CortexM3\ARM_GCC_541\Debug\01_Electronic_GasPedal.a(ErikaOS_ee_activate.o) (EE_rq2stk_exchange)
.\CortexM3\ARM_GCC_541\Debug\01_Electronic_GasPedal.a(ErikaOS_ee_rq_first.o)
                              .\CortexM3\ARM_GCC_541\Debug\01_Electronic_GasPedal.a(ErikaOS_ee_activate.o) (EE_rq_queryfirst)
.\CortexM3\ARM_GCC_541\Debug\01_Electronic_GasPedal.a(ErikaOS_ee_rq_inser.o)
                              .\CortexM3\ARM_GCC_541\Debug\01_Electronic_GasPedal.a(ErikaOS_ee_activate.o) (EE_rq_insert)
.\CortexM3\ARM_GCC_541\Debug\01_Electronic_GasPedal.a(ErikaOS_ee_shtdown.o)
                              .\CortexM3\ARM_GCC_541\Debug\main.o (EE_oo_ShutdownOS)
.\CortexM3\ARM_GCC_541\Debug\01_Electronic_GasPedal.a(ErikaOS_ee_startos.o)
                              .\CortexM3\ARM_GCC_541\Debug\01_Electronic_GasPedal.a(ErikaOS_ee_shtdown.o) (EE_oo_started)
.\CortexM3\ARM_GCC_541\Debug\01_Electronic_GasPedal.a(ErikaOS_ee_terminat.o)
                              .\CortexM3\ARM_GCC_541\Debug\main.o (EE_oo_TerminateTask)
.\CortexM3\ARM_GCC_541\Debug\01_Electronic_GasPedal.a(ErikaOS_cortex_mx_ee_utils.o)
                              .\CortexM3\ARM_GCC_541\Debug\main.o (EE_system_init)
.\CortexM3\ARM_GCC_541\Debug\01_Electronic_GasPedal.a(ErikaOS_common_ee_hal_structs.o)
                              .\CortexM3\ARM_GCC_541\Debug\01_Electronic_GasPedal.a(ErikaOS_ee_irqendin.o) (EE_std_endcycle_next_tid)
.\CortexM3\ARM_GCC_541\Debug\01_Electronic_GasPedal.a(ErikaOS_eecfg.o)
                              .\CortexM3\ARM_GCC_541\Debug\01_Electronic_GasPedal.a(ErikaOS_ee_startos.o) (EE_oo_autostart_task_data)
.\CortexM3\ARM_GCC_541\Debug\01_Electronic_GasPedal.a(UART_LOG.o)
                              .\CortexM3\ARM_GCC_541\Debug\logging.o (UART_LOG_Start)
.\CortexM3\ARM_GCC_541\Debug\01_Electronic_GasPedal.a(UART_LOG_INT.o)
                              .\CortexM3\ARM_GCC_541\Debug\01_Electronic_GasPedal.a(UART_LOG.o) (UART_LOG_RXISR)
.\CortexM3\ARM_GCC_541\Debug\01_Electronic_GasPedal.a(UART_LOG_IntClock.o)
                              .\CortexM3\ARM_GCC_541\Debug\01_Electronic_GasPedal.a(UART_LOG.o) (UART_LOG_IntClock_Start)
.\CortexM3\ARM_GCC_541\Debug\01_Electronic_GasPedal.a(CyDmac.o)
                              .\CortexM3\ARM_GCC_541\Debug\Cm3Start.o (CyDmacConfigure)
.\CortexM3\ARM_GCC_541\Debug\01_Electronic_GasPedal.a(CyLib.o)
                              .\CortexM3\ARM_GCC_541\Debug\Cm3Start.o (CyHalt)
.\CortexM3\ARM_GCC_541\Debug\01_Electronic_GasPedal.a(cyPm.o)
                              .\CortexM3\ARM_GCC_541\Debug\01_Electronic_GasPedal.a(CyLib.o) (CyPmReadStatus)
.\CortexM3\ARM_GCC_541\Debug\01_Electronic_GasPedal.a(RGB_PWM_red.o)
                              .\CortexM3\ARM_GCC_541\Debug\led.o (RGB_PWM_red_WriteCompare)
.\CortexM3\ARM_GCC_541\Debug\01_Electronic_GasPedal.a(RGB_PWM_green.o)
                              .\CortexM3\ARM_GCC_541\Debug\led.o (RGB_PWM_green_WriteCompare)
.\CortexM3\ARM_GCC_541\Debug\01_Electronic_GasPedal.a(LED_red.o)
                              .\CortexM3\ARM_GCC_541\Debug\led.o (LED_red_Write)
.\CortexM3\ARM_GCC_541\Debug\01_Electronic_GasPedal.a(LED_yellow.o)
                              .\CortexM3\ARM_GCC_541\Debug\led.o (LED_yellow_Write)
[...]
Memory Configuration

Name             Origin             Length             Attributes
rom              0x00000000         0x00040000         xr
ram              0x1fff8000         0x00010000         xrw
*default*        0x00000000         0xffffffff

Linker script and memory map

LOAD c:/program files (x86)/cypress/psoc creator/4.4/psoc creator/import/gnu/arm/5.4.1/bin/../lib/gcc/arm-none-eabi/5.4.1/armv7-m/crti.o
LOAD c:/program files (x86)/cypress/psoc creator/4.4/psoc creator/import/gnu/arm/5.4.1/bin/../lib/gcc/arm-none-eabi/5.4.1/armv7-m/crtbegin.o
LOAD c:/program files (x86)/cypress/psoc creator/4.4/psoc creator/import/gnu/arm/5.4.1/bin/../lib/gcc/arm-none-eabi/5.4.1/../../../../arm-none-eabi/lib/armv7-m/crt0.o
START GROUP
LOAD .\CortexM3\ARM_GCC_541\Debug\logging.o
LOAD .\CortexM3\ARM_GCC_541\Debug\joystick.o
LOAD .\CortexM3\ARM_GCC_541\Debug\led.o
LOAD .\CortexM3\ARM_GCC_541\Debug\intToASCII.o
LOAD .\CortexM3\ARM_GCC_541\Debug\watchdog.o
LOAD .\CortexM3\ARM_GCC_541\Debug\main.o
LOAD .\CortexM3\ARM_GCC_541\Debug\swc_brakelight.o
LOAD .\CortexM3\ARM_GCC_541\Debug\swc_control.o
LOAD .\CortexM3\ARM_GCC_541\Debug\swc_engine.o
LOAD .\CortexM3\ARM_GCC_541\Debug\swc_joystick.o
LOAD .\CortexM3\ARM_GCC_541\Debug\tsk_background.o
LOAD .\CortexM3\ARM_GCC_541\Debug\tsk_control.o
LOAD .\CortexM3\ARM_GCC_541\Debug\tsk_inputoutput.o
LOAD .\CortexM3\ARM_GCC_541\Debug\tsk_system.o
LOAD .\CortexM3\ARM_GCC_541\Debug\rte.o
LOAD .\CortexM3\ARM_GCC_541\Debug\sc_brakelight.o
LOAD .\CortexM3\ARM_GCC_541\Debug\sc_brakelight_type.o
LOAD .\CortexM3\ARM_GCC_541\Debug\sc_engine.o
LOAD .\CortexM3\ARM_GCC_541\Debug\sc_engine_type.o
LOAD .\CortexM3\ARM_GCC_541\Debug\sc_joystick.o
LOAD .\CortexM3\ARM_GCC_541\Debug\sc_joystick_type.o
LOAD .\CortexM3\ARM_GCC_541\Debug\sc_speed.o
LOAD .\CortexM3\ARM_GCC_541\Debug\sp_common.o
LOAD .\CortexM3\ARM_GCC_541\Debug\cyfitter_cfg.o
LOAD .\CortexM3\ARM_GCC_541\Debug\cymetadata.o
LOAD .\CortexM3\ARM_GCC_541\Debug\Cm3Start.o
LOAD .\CortexM3\ARM_GCC_541\Debug\01_Electronic_GasPedal.a
LOAD C:\Program Files (x86)\Cypress\PSoC Creator\4.4\PSoC Creator\psoc\content\cycomponentlibrary\CyComponentLibrary.cylib\CortexM3\ARM_GCC_541\Debug\CyComponentLibrary.a
END GROUP
START GROUP
LOAD c:/program files (x86)/cypress/psoc creator/4.4/psoc creator/import/gnu/arm/5.4.1/bin/../lib/gcc/arm-none-eabi/5.4.1/armv7-m\libgcc.a
LOAD c:/program files (x86)/cypress/psoc creator/4.4/psoc creator/import/gnu/arm/5.4.1/bin/../lib/gcc/arm-none-eabi/5.4.1/../../../../arm-none-eabi/lib/armv7-m\libg_nano.a
LOAD c:/program files (x86)/cypress/psoc creator/4.4/psoc creator/import/gnu/arm/5.4.1/bin/../lib/gcc/arm-none-eabi/5.4.1/../../../../arm-none-eabi/lib/armv7-m\libc_nano.a
END GROUP
START GROUP
LOAD c:/program files (x86)/cypress/psoc creator/4.4/psoc creator/import/gnu/arm/5.4.1/bin/../lib/gcc/arm-none-eabi/5.4.1/armv7-m\libgcc.a
LOAD c:/program files (x86)/cypress/psoc creator/4.4/psoc creator/import/gnu/arm/5.4.1/bin/../lib/gcc/arm-none-eabi/5.4.1/../../../../arm-none-eabi/lib/armv7-m\libc_nano.a
END GROUP
LOAD c:/program files (x86)/cypress/psoc creator/4.4/psoc creator/import/gnu/arm/5.4.1/bin/../lib/gcc/arm-none-eabi/5.4.1/armv7-m/crtend.o
LOAD c:/program files (x86)/cypress/psoc creator/4.4/psoc creator/import/gnu/arm/5.4.1/bin/../lib/gcc/arm-none-eabi/5.4.1/armv7-m/crtn.o
START GROUP
LOAD c:/program files (x86)/cypress/psoc creator/4.4/psoc creator/import/gnu/arm/5.4.1/bin/../lib/gcc/arm-none-eabi/5.4.1/armv7-m\libgcc.a
LOAD c:/program files (x86)/cypress/psoc creator/4.4/psoc creator/import/gnu/arm/5.4.1/bin/../lib/gcc/arm-none-eabi/5.4.1/../../../../arm-none-eabi/lib/armv7-m\libc.a
LOAD c:/program files (x86)/cypress/psoc creator/4.4/psoc creator/import/gnu/arm/5.4.1/bin/../lib/gcc/arm-none-eabi/5.4.1/../../../../arm-none-eabi/lib/armv7-m\libnosys.a
END GROUP
                0x00000000                CY_APPL_ORIGIN = 0x0
                0x00000100                CY_FLASH_ROW_SIZE = 0x100
                0x00000020                CY_ECC_ROW_SIZE = 0x20
                0x00000000                CY_EE_IN_BTLDR = 0x0
                0x00000000                CY_APPL_LOADABLE = 0x0
                0x00000800                CY_EE_SIZE = 0x800
                0x00000001                CY_APPL_NUM = 0x1
                0x00000001                CY_APPL_MAX = 0x1
                0x00000040                CY_METADATA_SIZE = 0x40
                0x00000000                CY_APPL_LOADABLE = 0x0
                0x00000000                CY_CHECKSUM_EXCLUDE_SIZE = ALIGN (0x0, CY_FLASH_ROW_SIZE)
                [!provide]                PROVIDE (__cy_heap_start, _end)
                0x00000001                PROVIDE (__cy_region_num, ((__cy_regions_end - __cy_regions) / 0x10))
                0x20008000                PROVIDE (__cy_stack, (ORIGIN (ram) + LENGTH (ram)))
                [!provide]                PROVIDE (__cy_heap_end, (__cy_stack - 0x800))

.cybootloader   0x00000000        0x0
 *(.cybootloader)
                0x00000000                appl1_start = CY_APPL_ORIGIN?CY_APPL_ORIGIN:ALIGN (CY_FLASH_ROW_SIZE)
                0x0001ff00                appl2_start = (appl1_start + ALIGN ((((LENGTH (rom) - appl1_start) - (0x2 * CY_FLASH_ROW_SIZE)) / 0x2), CY_FLASH_ROW_SIZE))
                0x00000000                appl_start = (CY_APPL_NUM == 0x1)?appl1_start:appl2_start
                0x00000000                ecc_offset = ((appl_start / CY_FLASH_ROW_SIZE) * CY_ECC_ROW_SIZE)
                0x00000000                ee_offset = (CY_APPL_LOADABLE && ! (CY_EE_IN_BTLDR))?((CY_EE_SIZE / CY_APPL_MAX) * (CY_APPL_NUM - 0x1)):0x0
                0x00000800                ee_size = (CY_APPL_LOADABLE && ! (CY_EE_IN_BTLDR))?(CY_EE_SIZE / CY_APPL_MAX):CY_EE_SIZE
                [!provide]                PROVIDE (CY_ECC_OFFSET, ecc_offset)

.text           0x00000000     0x278e
 CREATE_OBJECT_SYMBOLS
                0x00000000                PROVIDE (__cy_interrupt_vector, RomVectors)
 *(.romvectors)
 .romvectors    0x00000000       0x10 .\CortexM3\ARM_GCC_541\Debug\Cm3Start.o
                0x00000000                RomVectors
                0x00000001                ASSERT ((. != __cy_interrupt_vector), No interrupt vector)
                0x00000001                ASSERT (CY_APPL_ORIGIN?(SIZEOF (.cybootloader) <= CY_APPL_ORIGIN):0x1, Wrong image location)
                0x00000010                PROVIDE (__cy_reset, Reset)
 *(.text.Reset)
 .text.Reset    0x00000010       0x18 .\CortexM3\ARM_GCC_541\Debug\Cm3Start.o
                0x00000010                Reset
                0x00000001                ASSERT ((. != __cy_reset), No reset code)
 *(.dma_init)
                0x00000001                ASSERT ((((appl_start + .) <= 0x10000) || 0x1), DMA Init must be within the first 64k of flash)
 *(.text .text.* .gnu.linkonce.t.*)
 .text          0x00000028       0x5c c:/program files (x86)/cypress/psoc creator/4.4/psoc creator/import/gnu/arm/5.4.1/bin/../lib/gcc/arm-none-eabi/5.4.1/armv7-m/crtbegin.o
 .text.JOYSTICK_Init
                0x00000084       0x10 .\CortexM3\ARM_GCC_541\Debug\joystick.o
                0x00000084                JOYSTICK_Init
 .text.JOYSTICK_ReadPosition
                0x00000094       0x3c .\CortexM3\ARM_GCC_541\Debug\joystick.o
                0x00000094                JOYSTICK_ReadPosition
 .text.LED_Set  0x000000d0       0x60 .\CortexM3\ARM_GCC_541\Debug\led.o
                0x000000d0                LED_Set
 .text.LED_RGB_Set
                0x00000130       0x28 .\CortexM3\ARM_GCC_541\Debug\led.o
                0x00000130                LED_RGB_Set
 .text.LED_Init
                0x00000158       0x40 .\CortexM3\ARM_GCC_541\Debug\led.o
                0x00000158                LED_Init
 .text.intToASCII
                0x00000198       0x34 .\CortexM3\ARM_GCC_541\Debug\intToASCII.o
                0x00000198                intToASCII
 .text.WD_Start
                0x000001cc       0x24 .\CortexM3\ARM_GCC_541\Debug\watchdog.o
                0x000001cc                WD_Start
 .text.WD_Trigger
                0x000001f0        0xc .\CortexM3\ARM_GCC_541\Debug\watchdog.o
                0x000001f0                WD_Trigger
 .text.WD_CheckResetBit
                0x000001fc       0x10 .\CortexM3\ARM_GCC_541\Debug\watchdog.o
                0x000001fc                WD_CheckResetBit
 .text.WD_Alive
                0x0000020c       0x50 .\CortexM3\ARM_GCC_541\Debug\watchdog.o
                0x0000020c                WD_Alive
 .text.ISR2_systick_handler
                0x0000025c        0xc .\CortexM3\ARM_GCC_541\Debug\main.o
                0x0000025c                ISR2_systick_handler
 .text.systick_handler
                0x00000268       0x98 .\CortexM3\ARM_GCC_541\Debug\main.o
                0x00000268                systick_handler
 .text.main     0x00000300       0x28 .\CortexM3\ARM_GCC_541\Debug\main.o
                0x00000300                main
 .text.Functsk_init
                0x00000328       0x70 .\CortexM3\ARM_GCC_541\Debug\main.o
                0x00000328                Functsk_init
 .text.ISR2_isr_testWDT
                0x00000398       0x18 .\CortexM3\ARM_GCC_541\Debug\main.o
                0x00000398                ISR2_isr_testWDT
 .text.isr_testWDT
                0x000003b0       0x98 .\CortexM3\ARM_GCC_541\Debug\main.o
                0x000003b0                isr_testWDT
 .text.ISR2_isr_OSShutdown
                0x00000448       0x14 .\CortexM3\ARM_GCC_541\Debug\main.o
                0x00000448                ISR2_isr_OSShutdown
 .text.isr_OSShutdown
                0x0000045c       0x98 .\CortexM3\ARM_GCC_541\Debug\main.o
                0x0000045c                isr_OSShutdown
 .text.BRAKELIGHT_setBrakeLight_run
                0x000004f4       0xbc .\CortexM3\ARM_GCC_541\Debug\swc_brakelight.o
                0x000004f4                BRAKELIGHT_setBrakeLight_run
 .text.CONTROL_calcControl_run
                0x000005b0       0xe4 .\CortexM3\ARM_GCC_541\Debug\swc_control.o
                0x000005b0                CONTROL_calcControl_run
 .text.ENGINE_setEngine_run
                0x00000694      0x100 .\CortexM3\ARM_GCC_541\Debug\swc_engine.o
                0x00000694                ENGINE_setEngine_run
 .text.JOYSTICK_readJoystick_run
                0x00000794       0xe4 .\CortexM3\ARM_GCC_541\Debug\swc_joystick.o
                0x00000794                JOYSTICK_readJoystick_run
 .text.Functsk_background
                0x00000878       0x20 .\CortexM3\ARM_GCC_541\Debug\tsk_background.o
                0x00000878                Functsk_background
 .text.Functsk_control
                0x00000898       0x2c .\CortexM3\ARM_GCC_541\Debug\tsk_control.o
                0x00000898                Functsk_control
 .text.Functsk_inputoutput
                0x000008c4       0x58 .\CortexM3\ARM_GCC_541\Debug\tsk_inputoutput.o
                0x000008c4                Functsk_inputoutput
 .text.Functsk_system
                0x0000091c        0xc .\CortexM3\ARM_GCC_541\Debug\tsk_system.o
                0x0000091c                Functsk_system
 .text.RTE_ProcessCyclicTable
                0x00000928       0x30 .\CortexM3\ARM_GCC_541\Debug\rte.o
                0x00000928                RTE_ProcessCyclicTable
 .text.RTE_ProcessEventTable
                0x00000958       0x28 .\CortexM3\ARM_GCC_541\Debug\rte.o
                0x00000958                RTE_ProcessEventTable
 .text.SC_BRAKELIGHT_driverOut
                0x00000980        0x4 .\CortexM3\ARM_GCC_541\Debug\sc_brakelight_type.o
                0x00000980                SC_BRAKELIGHT_driverOut
 .text.SC_ENGINE_driverOut
                0x00000984        0x4 .\CortexM3\ARM_GCC_541\Debug\sc_engine_type.o
                0x00000984                SC_ENGINE_driverOut
 .text.SC_JOYSTICK_driverIn
                0x00000988        0xc .\CortexM3\ARM_GCC_541\Debug\sc_joystick_type.o
                0x00000988                SC_JOYSTICK_driverIn
 .text.RTE_timertick_sp_common_tick
                0x00000994       0x48 .\CortexM3\ARM_GCC_541\Debug\sp_common.o
                0x00000994                RTE_timertick_sp_common_tick
 .text.CyClockStartupError
                0x000009dc        0x4 .\CortexM3\ARM_GCC_541\Debug\cyfitter_cfg.o
 .text.cfg_write_bytes32
                0x000009e0       0x34 .\CortexM3\ARM_GCC_541\Debug\cyfitter_cfg.o
 .text.CYMEMZERO
                0x00000a14        0xc .\CortexM3\ARM_GCC_541\Debug\cyfitter_cfg.o
 .text.ClockSetup
                0x00000a20       0xcc .\CortexM3\ARM_GCC_541\Debug\cyfitter_cfg.o
 .text.AnalogSetDefault
                0x00000aec       0x7c .\CortexM3\ARM_GCC_541\Debug\cyfitter_cfg.o
 .text.CYCONFIGCPY
                0x00000b68        0x8 .\CortexM3\ARM_GCC_541\Debug\cyfitter_cfg.o
 .text.cyfitter_cfg
                0x00000b70      0x120 .\CortexM3\ARM_GCC_541\Debug\cyfitter_cfg.o
                0x00000b70                cyfitter_cfg
 .text.IntDefaultHandler
                0x00000c90       0x10 .\CortexM3\ARM_GCC_541\Debug\Cm3Start.o
                0x00000c90                IntDefaultHandler
 .text.Start_c  0x00000ca0       0x4c .\CortexM3\ARM_GCC_541\Debug\Cm3Start.o
                0x00000ca0                Start_c
 .text.initialize_psoc
                0x00000cec       0x6c .\CortexM3\ARM_GCC_541\Debug\Cm3Start.o
                0x00000cec                initialize_psoc
 .text.EE_oo_ActivateTask
                0x00000d58       0xe8 .\CortexM3\ARM_GCC_541\Debug\01_Electronic_GasPedal.a(ErikaOS_ee_activate.o)
                0x00000d58                EE_oo_ActivateTask
 .text.EE_oo_SetRelAlarm
                0x00000e40       0x80 .\CortexM3\ARM_GCC_541\Debug\01_Electronic_GasPedal.a(ErikaOS_ee_alsetrel.o)
                0x00000e40                EE_oo_SetRelAlarm
 .text.EE_oo_handle_action_callback
                0x00000ec0        0xc .\CortexM3\ARM_GCC_541\Debug\01_Electronic_GasPedal.a(ErikaOS_ee_altick.o)
 .text.EE_oo_handle_action_task
                0x00000ecc       0x4c .\CortexM3\ARM_GCC_541\Debug\01_Electronic_GasPedal.a(ErikaOS_ee_altick.o)
 .text.EE_oo_handle_action_event
                0x00000f18       0x60 .\CortexM3\ARM_GCC_541\Debug\01_Electronic_GasPedal.a(ErikaOS_ee_altick.o)
 .text.EE_oo_handle_action
                0x00000f78       0x28 .\CortexM3\ARM_GCC_541\Debug\01_Electronic_GasPedal.a(ErikaOS_ee_altick.o)
 .text.EE_oo_counter_object_insert
                0x00000fa0       0x9c .\CortexM3\ARM_GCC_541\Debug\01_Electronic_GasPedal.a(ErikaOS_ee_altick.o)
                0x00000fa0                EE_oo_counter_object_insert
 .text.EE_oo_IncrementCounterImplementation
                0x0000103c      0x100 .\CortexM3\ARM_GCC_541\Debug\01_Electronic_GasPedal.a(ErikaOS_ee_altick.o)
                0x0000103c                EE_oo_IncrementCounterImplementation
 .text.EE_oo_IncrementCounter
                0x0000113c       0xb0 .\CortexM3\ARM_GCC_541\Debug\01_Electronic_GasPedal.a(ErikaOS_ee_altick.o)
                0x0000113c                EE_oo_IncrementCounter
 .text.EE_oo_ClearEvent
                0x000011ec       0x5c .\CortexM3\ARM_GCC_541\Debug\01_Electronic_GasPedal.a(ErikaOS_ee_evclear.o)
                0x000011ec                EE_oo_ClearEvent
 .text.EE_oo_GetEvent
                0x00001248       0x40 .\CortexM3\ARM_GCC_541\Debug\01_Electronic_GasPedal.a(ErikaOS_ee_evget.o)
                0x00001248                EE_oo_GetEvent
 .text.EE_oo_SetEvent
                0x00001288      0x100 .\CortexM3\ARM_GCC_541\Debug\01_Electronic_GasPedal.a(ErikaOS_ee_evset.o)
                0x00001288                EE_oo_SetEvent
 .text.EE_oo_WaitEvent
                0x00001388      0x110 .\CortexM3\ARM_GCC_541\Debug\01_Electronic_GasPedal.a(ErikaOS_ee_evwait.o)
                0x00001388                EE_oo_WaitEvent
 .text.EE_IRQ_run_next_task
                0x00001498       0x30 .\CortexM3\ARM_GCC_541\Debug\01_Electronic_GasPedal.a(ErikaOS_ee_irqendin.o)
 .text.EE_IRQ_end_instance
                0x000014c8       0x68 .\CortexM3\ARM_GCC_541\Debug\01_Electronic_GasPedal.a(ErikaOS_ee_irqendin.o)
                0x000014c8                EE_IRQ_end_instance
 .text.EE_IRQ_end_post_stub
                0x00001530       0x14 .\CortexM3\ARM_GCC_541\Debug\01_Electronic_GasPedal.a(ErikaOS_ee_irqendin.o)
                0x00001530                EE_IRQ_end_post_stub
 .text.EE_rq2stk_exchange
                0x00001544       0x88 .\CortexM3\ARM_GCC_541\Debug\01_Electronic_GasPedal.a(ErikaOS_ee_rq_exchg.o)
                0x00001544                EE_rq2stk_exchange
 .text.EE_rq_queryfirst
                0x000015cc       0x44 .\CortexM3\ARM_GCC_541\Debug\01_Electronic_GasPedal.a(ErikaOS_ee_rq_first.o)
                0x000015cc                EE_rq_queryfirst
 .text.EE_rq_insert
                0x00001610       0x74 .\CortexM3\ARM_GCC_541\Debug\01_Electronic_GasPedal.a(ErikaOS_ee_rq_inser.o)
                0x00001610                EE_rq_insert
 .text.EE_oo_shutdown
                0x00001684        0xc .\CortexM3\ARM_GCC_541\Debug\01_Electronic_GasPedal.a(ErikaOS_ee_shtdown.o)
 .text.EE_oo_ShutdownOS_internal
                0x00001690        0x8 .\CortexM3\ARM_GCC_541\Debug\01_Electronic_GasPedal.a(ErikaOS_ee_shtdown.o)
                0x00001690                EE_oo_ShutdownOS_internal
 .text.EE_oo_ShutdownOS
                0x00001698        0x8 .\CortexM3\ARM_GCC_541\Debug\01_Electronic_GasPedal.a(ErikaOS_ee_shtdown.o)
                0x00001698                EE_oo_ShutdownOS
 .text.compute_task_tid
                0x000016a0       0x10 .\CortexM3\ARM_GCC_541\Debug\01_Electronic_GasPedal.a(ErikaOS_ee_startos.o)
 .text.EE_oo_start_os
                0x000016b0        0xc .\CortexM3\ARM_GCC_541\Debug\01_Electronic_GasPedal.a(ErikaOS_ee_startos.o)
 .text.EE_oo_autostart_tasks
                0x000016bc       0x60 .\CortexM3\ARM_GCC_541\Debug\01_Electronic_GasPedal.a(ErikaOS_ee_startos.o)
 .text.EE_oo_autostart_os
                0x0000171c        0xc .\CortexM3\ARM_GCC_541\Debug\01_Electronic_GasPedal.a(ErikaOS_ee_startos.o)
 .text.EE_oo_StartOS
                0x00001728       0x8c .\CortexM3\ARM_GCC_541\Debug\01_Electronic_GasPedal.a(ErikaOS_ee_startos.o)
                0x00001728                EE_oo_StartOS
 .text.EE_oo_TerminateTask
                0x000017b4       0x3c .\CortexM3\ARM_GCC_541\Debug\01_Electronic_GasPedal.a(ErikaOS_ee_terminat.o)
                0x000017b4                EE_oo_TerminateTask
 .text.EE_system_init
                0x000017f0       0x60 .\CortexM3\ARM_GCC_541\Debug\01_Electronic_GasPedal.a(ErikaOS_cortex_mx_ee_utils.o)
                0x000017f0                EE_system_init
 .text.UART_LOG_Init
                0x00001850       0x5c .\CortexM3\ARM_GCC_541\Debug\01_Electronic_GasPedal.a(UART_LOG.o)
                0x00001850                UART_LOG_Init
 .text.UART_LOG_Enable
                0x000018ac       0x50 .\CortexM3\ARM_GCC_541\Debug\01_Electronic_GasPedal.a(UART_LOG.o)
                0x000018ac                UART_LOG_Enable
 .text.UART_LOG_Start
                0x000018fc       0x1c .\CortexM3\ARM_GCC_541\Debug\01_Electronic_GasPedal.a(UART_LOG.o)
                0x000018fc                UART_LOG_Start
 .text.UART_LOG_PutChar
                0x00001918       0x70 .\CortexM3\ARM_GCC_541\Debug\01_Electronic_GasPedal.a(UART_LOG.o)
                0x00001918                UART_LOG_PutChar
 .text.UART_LOG_PutString
                0x00001988       0x24 .\CortexM3\ARM_GCC_541\Debug\01_Electronic_GasPedal.a(UART_LOG.o)
                0x00001988                UART_LOG_PutString
 .text.UART_LOG_RXISR
                0x000019ac       0x98 .\CortexM3\ARM_GCC_541\Debug\01_Electronic_GasPedal.a(UART_LOG_INT.o)
                0x000019ac                UART_LOG_RXISR
 .text.UART_LOG_TXISR
                0x00001a44       0x58 .\CortexM3\ARM_GCC_541\Debug\01_Electronic_GasPedal.a(UART_LOG_INT.o)
                0x00001a44                UART_LOG_TXISR
 .text.UART_LOG_IntClock_Start
                0x00001a9c       0x1c .\CortexM3\ARM_GCC_541\Debug\01_Electronic_GasPedal.a(UART_LOG_IntClock.o)
                0x00001a9c                UART_LOG_IntClock_Start
 .text.CyDmacConfigure
                0x00001ab8       0x34 .\CortexM3\ARM_GCC_541\Debug\01_Electronic_GasPedal.a(CyDmac.o)
                0x00001ab8                CyDmacConfigure
 .text.CyDmaChEnable
                0x00001aec       0x38 .\CortexM3\ARM_GCC_541\Debug\01_Electronic_GasPedal.a(CyDmac.o)
                0x00001aec                CyDmaChEnable
 .text.CyDmaClearPendingDrq
                0x00001b24       0x28 .\CortexM3\ARM_GCC_541\Debug\01_Electronic_GasPedal.a(CyDmac.o)
                0x00001b24                CyDmaClearPendingDrq
 .text.CyDmaChPriority
                0x00001b4c       0x24 .\CortexM3\ARM_GCC_541\Debug\01_Electronic_GasPedal.a(CyDmac.o)
                0x00001b4c                CyDmaChPriority
 .text.CyDmaChSetExtendedAddress
                0x00001b70       0x34 .\CortexM3\ARM_GCC_541\Debug\01_Electronic_GasPedal.a(CyDmac.o)
                0x00001b70                CyDmaChSetExtendedAddress
 .text.CyDmaChSetInitialTd
                0x00001ba4       0x18 .\CortexM3\ARM_GCC_541\Debug\01_Electronic_GasPedal.a(CyDmac.o)
                0x00001ba4                CyDmaChSetInitialTd
 .text.CyDmaChSetConfiguration
                0x00001bbc       0x44 .\CortexM3\ARM_GCC_541\Debug\01_Electronic_GasPedal.a(CyDmac.o)
                0x00001bbc                CyDmaChSetConfiguration
 .text.CyDmaTdAllocate
                0x00001c00       0x34 .\CortexM3\ARM_GCC_541\Debug\01_Electronic_GasPedal.a(CyDmac.o)
                0x00001c00                CyDmaTdAllocate
 .text.CyDmaTdSetConfiguration
                0x00001c34       0x28 .\CortexM3\ARM_GCC_541\Debug\01_Electronic_GasPedal.a(CyDmac.o)
                0x00001c34                CyDmaTdSetConfiguration
 .text.CyDmaTdSetAddress
                0x00001c5c       0x1c .\CortexM3\ARM_GCC_541\Debug\01_Electronic_GasPedal.a(CyDmac.o)
                0x00001c5c                CyDmaTdSetAddress
 .text.CyHalt   0x00001c78        0x4 .\CortexM3\ARM_GCC_541\Debug\01_Electronic_GasPedal.a(CyLib.o)
                0x00001c78                CyHalt
 .text.CyDelayUs
                0x00001c7c       0x14 .\CortexM3\ARM_GCC_541\Debug\01_Electronic_GasPedal.a(CyLib.o)
                0x00001c7c                CyDelayUs
 .text.CyWdtStart
                0x00001c90       0x40 .\CortexM3\ARM_GCC_541\Debug\01_Electronic_GasPedal.a(CyLib.o)
                0x00001c90                CyWdtStart
 .text.CyWdtClear
                0x00001cd0        0xc .\CortexM3\ARM_GCC_541\Debug\01_Electronic_GasPedal.a(CyLib.o)
                0x00001cd0                CyWdtClear
 .text.CyIntSetVector
                0x00001cdc       0x28 .\CortexM3\ARM_GCC_541\Debug\01_Electronic_GasPedal.a(CyLib.o)
                0x00001cdc                CyIntSetVector
 .text.CyIntSetPriority
                0x00001d04       0x30 .\CortexM3\ARM_GCC_541\Debug\01_Electronic_GasPedal.a(CyLib.o)
                0x00001d04                CyIntSetPriority
 .text.RGB_PWM_red_Enable
                0x00001d34       0x10 .\CortexM3\ARM_GCC_541\Debug\01_Electronic_GasPedal.a(RGB_PWM_red.o)
                0x00001d34                RGB_PWM_red_Enable
 .text.RGB_PWM_red_WriteCounter
                0x00001d44        0xc .\CortexM3\ARM_GCC_541\Debug\01_Electronic_GasPedal.a(RGB_PWM_red.o)
                0x00001d44                RGB_PWM_red_WriteCounter
 .text.RGB_PWM_red_WritePeriod
                0x00001d50        0xc .\CortexM3\ARM_GCC_541\Debug\01_Electronic_GasPedal.a(RGB_PWM_red.o)
                0x00001d50                RGB_PWM_red_WritePeriod
 .text.RGB_PWM_red_WriteCompare
                0x00001d5c        0xc .\CortexM3\ARM_GCC_541\Debug\01_Electronic_GasPedal.a(RGB_PWM_red.o)
                0x00001d5c                RGB_PWM_red_WriteCompare
 .text.RGB_PWM_red_SetInterruptMode
                0x00001d68        0xc .\CortexM3\ARM_GCC_541\Debug\01_Electronic_GasPedal.a(RGB_PWM_red.o)
                0x00001d68                RGB_PWM_red_SetInterruptMode
 .text.RGB_PWM_red_ReadStatusRegister
                0x00001d74        0xc .\CortexM3\ARM_GCC_541\Debug\01_Electronic_GasPedal.a(RGB_PWM_red.o)
                0x00001d74                RGB_PWM_red_ReadStatusRegister
 .text.RGB_PWM_red_ReadCapture
                0x00001d80        0xc .\CortexM3\ARM_GCC_541\Debug\01_Electronic_GasPedal.a(RGB_PWM_red.o)
                0x00001d80                RGB_PWM_red_ReadCapture
 .text.RGB_PWM_red_ClearFIFO
                0x00001d8c       0x14 .\CortexM3\ARM_GCC_541\Debug\01_Electronic_GasPedal.a(RGB_PWM_red.o)
                0x00001d8c                RGB_PWM_red_ClearFIFO
 .text.RGB_PWM_red_Init
                0x00001da0       0x5c .\CortexM3\ARM_GCC_541\Debug\01_Electronic_GasPedal.a(RGB_PWM_red.o)
                0x00001da0                RGB_PWM_red_Init
 .text.RGB_PWM_red_Start
                0x00001dfc       0x1c .\CortexM3\ARM_GCC_541\Debug\01_Electronic_GasPedal.a(RGB_PWM_red.o)
                0x00001dfc                RGB_PWM_red_Start
 .text.RGB_PWM_green_Enable
                0x00001e18       0x10 .\CortexM3\ARM_GCC_541\Debug\01_Electronic_GasPedal.a(RGB_PWM_green.o)
                0x00001e18                RGB_PWM_green_Enable
 .text.RGB_PWM_green_WriteCounter
                0x00001e28        0xc .\CortexM3\ARM_GCC_541\Debug\01_Electronic_GasPedal.a(RGB_PWM_green.o)
                0x00001e28                RGB_PWM_green_WriteCounter
 .text.RGB_PWM_green_WritePeriod
                0x00001e34        0xc .\CortexM3\ARM_GCC_541\Debug\01_Electronic_GasPedal.a(RGB_PWM_green.o)
                0x00001e34                RGB_PWM_green_WritePeriod
 .text.RGB_PWM_green_WriteCompare
                0x00001e40        0xc .\CortexM3\ARM_GCC_541\Debug\01_Electronic_GasPedal.a(RGB_PWM_green.o)
                0x00001e40                RGB_PWM_green_WriteCompare
 .text.RGB_PWM_green_SetInterruptMode
                0x00001e4c        0xc .\CortexM3\ARM_GCC_541\Debug\01_Electronic_GasPedal.a(RGB_PWM_green.o)
                0x00001e4c                RGB_PWM_green_SetInterruptMode
 .text.RGB_PWM_green_ReadStatusRegister
                0x00001e58        0xc .\CortexM3\ARM_GCC_541\Debug\01_Electronic_GasPedal.a(RGB_PWM_green.o)
                0x00001e58                RGB_PWM_green_ReadStatusRegister
 .text.RGB_PWM_green_ReadCapture
                0x00001e64        0xc .\CortexM3\ARM_GCC_541\Debug\01_Electronic_GasPedal.a(RGB_PWM_green.o)
                0x00001e64                RGB_PWM_green_ReadCapture
 .text.RGB_PWM_green_ClearFIFO
                0x00001e70       0x14 .\CortexM3\ARM_GCC_541\Debug\01_Electronic_GasPedal.a(RGB_PWM_green.o)
                0x00001e70                RGB_PWM_green_ClearFIFO
 .text.RGB_PWM_green_Init
                0x00001e84       0x5c .\CortexM3\ARM_GCC_541\Debug\01_Electronic_GasPedal.a(RGB_PWM_green.o)
                0x00001e84                RGB_PWM_green_Init
 .text.RGB_PWM_green_Start
                0x00001ee0       0x1c .\CortexM3\ARM_GCC_541\Debug\01_Electronic_GasPedal.a(RGB_PWM_green.o)
                0x00001ee0                RGB_PWM_green_Start
 .text.LED_red_Write
                0x00001efc       0x18 .\CortexM3\ARM_GCC_541\Debug\01_Electronic_GasPedal.a(LED_red.o)
                0x00001efc                LED_red_Write
 .text.LED_yellow_Write
                0x00001f14       0x18 .\CortexM3\ARM_GCC_541\Debug\01_Electronic_GasPedal.a(LED_yellow.o)
                0x00001f14                LED_yellow_Write
 .text.LED_green_Write
                0x00001f2c       0x18 .\CortexM3\ARM_GCC_541\Debug\01_Electronic_GasPedal.a(LED_green.o)
                0x00001f2c                LED_green_Write
 .text.JOYSTICK_ADC_XY_Init
                0x00001f44       0x3c .\CortexM3\ARM_GCC_541\Debug\01_Electronic_GasPedal.a(JOYSTICK_ADC_XY.o)
                0x00001f44                JOYSTICK_ADC_XY_Init
 .text.JOYSTICK_ADC_XY_Enable
                0x00001f80       0xcc .\CortexM3\ARM_GCC_541\Debug\01_Electronic_GasPedal.a(JOYSTICK_ADC_XY.o)
                0x00001f80                JOYSTICK_ADC_XY_Enable
 .text.JOYSTICK_ADC_XY_Start
                0x0000204c       0x28 .\CortexM3\ARM_GCC_541\Debug\01_Electronic_GasPedal.a(JOYSTICK_ADC_XY.o)
                0x0000204c                JOYSTICK_ADC_XY_Start
 .text.JOYSTICK_ADC_XY_StartConvert
                0x00002074        0x8 .\CortexM3\ARM_GCC_541\Debug\01_Electronic_GasPedal.a(JOYSTICK_ADC_XY.o)
                0x00002074                JOYSTICK_ADC_XY_StartConvert
 .text.JOYSTICK_ADC_XY_IsEndConversion
                0x0000207c       0x18 .\CortexM3\ARM_GCC_541\Debug\01_Electronic_GasPedal.a(JOYSTICK_ADC_XY.o)
                0x0000207c                JOYSTICK_ADC_XY_IsEndConversion
 .text.JOYSTICK_ADC_XY_GetResult16
                0x00002094       0x1c .\CortexM3\ARM_GCC_541\Debug\01_Electronic_GasPedal.a(JOYSTICK_ADC_XY.o)
                0x00002094                JOYSTICK_ADC_XY_GetResult16
 .text.JOYSTICK_ADC_XY_ISR
                0x000020b0        0x4 .\CortexM3\ARM_GCC_541\Debug\01_Electronic_GasPedal.a(JOYSTICK_ADC_XY_INT.o)
                0x000020b0                JOYSTICK_ADC_XY_ISR
 .text.RGB_PWM_blue_Enable
                0x000020b4       0x10 .\CortexM3\ARM_GCC_541\Debug\01_Electronic_GasPedal.a(RGB_PWM_blue.o)
                0x000020b4                RGB_PWM_blue_Enable
 .text.RGB_PWM_blue_WriteCounter
                0x000020c4        0xc .\CortexM3\ARM_GCC_541\Debug\01_Electronic_GasPedal.a(RGB_PWM_blue.o)
                0x000020c4                RGB_PWM_blue_WriteCounter
 .text.RGB_PWM_blue_WritePeriod
                0x000020d0        0xc .\CortexM3\ARM_GCC_541\Debug\01_Electronic_GasPedal.a(RGB_PWM_blue.o)
                0x000020d0                RGB_PWM_blue_WritePeriod
 .text.RGB_PWM_blue_WriteCompare
                0x000020dc        0xc .\CortexM3\ARM_GCC_541\Debug\01_Electronic_GasPedal.a(RGB_PWM_blue.o)
                0x000020dc                RGB_PWM_blue_WriteCompare
 .text.RGB_PWM_blue_SetInterruptMode
                0x000020e8        0xc .\CortexM3\ARM_GCC_541\Debug\01_Electronic_GasPedal.a(RGB_PWM_blue.o)
                0x000020e8                RGB_PWM_blue_SetInterruptMode
 .text.RGB_PWM_blue_ReadStatusRegister
                0x000020f4        0xc .\CortexM3\ARM_GCC_541\Debug\01_Electronic_GasPedal.a(RGB_PWM_blue.o)
                0x000020f4                RGB_PWM_blue_ReadStatusRegister
 .text.RGB_PWM_blue_ReadCapture
                0x00002100        0xc .\CortexM3\ARM_GCC_541\Debug\01_Electronic_GasPedal.a(RGB_PWM_blue.o)
                0x00002100                RGB_PWM_blue_ReadCapture
 .text.RGB_PWM_blue_ClearFIFO
                0x0000210c       0x14 .\CortexM3\ARM_GCC_541\Debug\01_Electronic_GasPedal.a(RGB_PWM_blue.o)
                0x0000210c                RGB_PWM_blue_ClearFIFO
 .text.RGB_PWM_blue_Init
                0x00002120       0x5c .\CortexM3\ARM_GCC_541\Debug\01_Electronic_GasPedal.a(RGB_PWM_blue.o)
                0x00002120                RGB_PWM_blue_Init
 .text.RGB_PWM_blue_Start
                0x0000217c       0x1c .\CortexM3\ARM_GCC_541\Debug\01_Electronic_GasPedal.a(RGB_PWM_blue.o)
                0x0000217c                RGB_PWM_blue_Start
 .text.JOYSTICK_ADC_XY_SAR_CalcGain
                0x00002198       0x64 .\CortexM3\ARM_GCC_541\Debug\01_Electronic_GasPedal.a(JOYSTICK_ADC_XY_SAR.o)
 .text.JOYSTICK_ADC_XY_SAR_Enable
                0x000021fc       0x78 .\CortexM3\ARM_GCC_541\Debug\01_Electronic_GasPedal.a(JOYSTICK_ADC_XY_SAR.o)
                0x000021fc                JOYSTICK_ADC_XY_SAR_Enable
 .text.JOYSTICK_ADC_XY_SAR_SetResolution
                0x00002274       0x38 .\CortexM3\ARM_GCC_541\Debug\01_Electronic_GasPedal.a(JOYSTICK_ADC_XY_SAR.o)
                0x00002274                JOYSTICK_ADC_XY_SAR_SetResolution
 .text.JOYSTICK_ADC_XY_SAR_Init
                0x000022ac       0x24 .\CortexM3\ARM_GCC_541\Debug\01_Electronic_GasPedal.a(JOYSTICK_ADC_XY_SAR.o)
                0x000022ac                JOYSTICK_ADC_XY_SAR_Init
 .text.JOYSTICK_ADC_XY_SAR_Start
                0x000022d0       0x1c .\CortexM3\ARM_GCC_541\Debug\01_Electronic_GasPedal.a(JOYSTICK_ADC_XY_SAR.o)
                0x000022d0                JOYSTICK_ADC_XY_SAR_Start
 .text.JOYSTICK_ADC_XY_SAR_StartConvert
                0x000022ec       0x10 .\CortexM3\ARM_GCC_541\Debug\01_Electronic_GasPedal.a(JOYSTICK_ADC_XY_SAR.o)
                0x000022ec                JOYSTICK_ADC_XY_SAR_StartConvert
 .text.JOYSTICK_ADC_XY_TempBuf_DmaInitialize
                0x000022fc       0x3c .\CortexM3\ARM_GCC_541\Debug\01_Electronic_GasPedal.a(JOYSTICK_ADC_XY_TempBuf_dma.o)
                0x000022fc                JOYSTICK_ADC_XY_TempBuf_DmaInitialize
 .text.JOYSTICK_ADC_XY_FinalBuf_DmaInitialize
                0x00002338       0x3c .\CortexM3\ARM_GCC_541\Debug\01_Electronic_GasPedal.a(JOYSTICK_ADC_XY_FinalBuf_dma.o)
                0x00002338                JOYSTICK_ADC_XY_FinalBuf_DmaInitialize
 .text.JOYSTICK_ADC_XY_IRQ_SetVector
                0x00002374        0xc .\CortexM3\ARM_GCC_541\Debug\01_Electronic_GasPedal.a(JOYSTICK_ADC_XY_IRQ.o)
                0x00002374                JOYSTICK_ADC_XY_IRQ_SetVector
 .text.JOYSTICK_ADC_XY_IRQ_SetPriority
                0x00002380       0x10 .\CortexM3\ARM_GCC_541\Debug\01_Electronic_GasPedal.a(JOYSTICK_ADC_XY_IRQ.o)
                0x00002380                JOYSTICK_ADC_XY_IRQ_SetPriority
 .text.testWDT_Read
                0x00002390       0x10 .\CortexM3\ARM_GCC_541\Debug\01_Electronic_GasPedal.a(testWDT.o)
                0x00002390                testWDT_Read
 .text.OSShutdown_Read
                0x000023a0       0x10 .\CortexM3\ARM_GCC_541\Debug\01_Electronic_GasPedal.a(OSShutdown.o)
                0x000023a0                OSShutdown_Read
 .text          0x000023b0       0x7c .\CortexM3\ARM_GCC_541\Debug\01_Electronic_GasPedal.a(ErikaOS_ee_gnu_change_context_isr.o)
                0x000023b0                EE_set_switch_context_pri
                0x000023ca                EE_switch_context
                0x000023d4                EE_cortex_mx_pendsv_ISR
                0x00002410                EE_cortex_mx_svc_ISR
 .text          0x0000242c       0x24 .\CortexM3\ARM_GCC_541\Debug\01_Electronic_GasPedal.a(ErikaOS_ee_gnu_irq_stack.o)
                0x0000242c                EE_cortex_mx_change_IRQ_stack
                0x0000243e                EE_cortex_mx_change_IRQ_stack_back
 .text          0x00002450       0x68 .\CortexM3\ARM_GCC_541\Debug\01_Electronic_GasPedal.a(ErikaOS_ee_gnu_multi_context.o)
                0x00002450                EE_cortex_mx_change_context
 .text          0x000024b8       0x80 .\CortexM3\ARM_GCC_541\Debug\01_Electronic_GasPedal.a(ErikaOS_ee_gnu_oo.o)
                0x000024b8                EE_hal_terminate_savestk
                0x00002502                EE_hal_terminate_task
 .text          0x00002538       0x20 .\CortexM3\ARM_GCC_541\Debug\01_Electronic_GasPedal.a(CyBootAsmGnu.o)
                0x00002538                CyDelayCycles
                0x00002548                CyEnterCriticalSection
                0x00002550                CyExitCriticalSection
 .text.EE_thread_not_terminated
                0x00002558       0x10 .\CortexM3\ARM_GCC_541\Debug\01_Electronic_GasPedal.a(ErikaOS_ee_tnterm.o)
                0x00002558                EE_thread_not_terminated
 .text.EE_oo_thread_stub
                0x00002568       0x10 .\CortexM3\ARM_GCC_541\Debug\01_Electronic_GasPedal.a(ErikaOS_ee_tstub.o)
                0x00002568                EE_oo_thread_stub
 .text.EE_std_run_task_code
                0x00002578       0x18 .\CortexM3\ARM_GCC_541\Debug\01_Electronic_GasPedal.a(ErikaOS_cortex_mx_ee_context.o)
                0x00002578                EE_std_run_task_code
 .text.EE_std_need_context_change
                0x00002590       0x28 .\CortexM3\ARM_GCC_541\Debug\01_Electronic_GasPedal.a(ErikaOS_cortex_mx_ee_context.o)
                0x00002590                EE_std_need_context_change
 .text.EE_thread_rnact_max
                0x000025b8       0x20 .\CortexM3\ARM_GCC_541\Debug\01_Electronic_GasPedal.a(ErikaOS_ee_thendin.o)
 .text.EE_thread_endcycle_next
                0x000025d8       0x30 .\CortexM3\ARM_GCC_541\Debug\01_Electronic_GasPedal.a(ErikaOS_ee_thendin.o)
 .text.EE_thread_end_instance
                0x00002608      0x108 .\CortexM3\ARM_GCC_541\Debug\01_Electronic_GasPedal.a(ErikaOS_ee_thendin.o)
                0x00002608                EE_thread_end_instance
 .text.__errno  0x00002710        0xc c:/program files (x86)/cypress/psoc creator/4.4/psoc creator/import/gnu/arm/5.4.1/bin/../lib/gcc/arm-none-eabi/5.4.1/../../../../arm-none-eabi/lib/armv7-m\libg_nano.a(lib_a-errno.o)
                0x00002710                __errno
 .text.__libc_init_array
                0x0000271c       0x4c c:/program files (x86)/cypress/psoc creator/4.4/psoc creator/import/gnu/arm/5.4.1/bin/../lib/gcc/arm-none-eabi/5.4.1/../../../../arm-none-eabi/lib/armv7-m\libg_nano.a(lib_a-init.o)
                0x0000271c                __libc_init_array
 .text.memcpy   0x00002768       0x16 c:/program files (x86)/cypress/psoc creator/4.4/psoc creator/import/gnu/arm/5.4.1/bin/../lib/gcc/arm-none-eabi/5.4.1/../../../../arm-none-eabi/lib/armv7-m\libg_nano.a(lib_a-memcpy-stub.o)
                0x00002768                memcpy
 .text.memset   0x0000277e       0x10 c:/program files (x86)/cypress/psoc creator/4.4/psoc creator/import/gnu/arm/5.4.1/bin/../lib/gcc/arm-none-eabi/5.4.1/../../../../arm-none-eabi/lib/armv7-m\libg_nano.a(lib_a-memset.o)
                0x0000277e                memset
 *(.plt)
 *(.gnu.warning)
 *(.glue_7t)
 .glue_7t       0x0000278e        0x0 linker stubs
 *(.glue_7)
 .glue_7        0x0000278e        0x0 linker stubs
 *(.vfp11_veneer)
 .vfp11_veneer  0x0000278e        0x0 linker stubs
 *(.bootloader)
 *(.ARM.extab* .gnu.linkonce.armextab.*)
 *(.gcc_except_table)

.v4_bx          0x00002790        0x0
 .v4_bx         0x00002790        0x0 linker stubs

.iplt           0x00002790        0x0
 .iplt          0x00002790        0x0 c:/program files (x86)/cypress/psoc creator/4.4/psoc creator/import/gnu/arm/5.4.1/bin/../lib/gcc/arm-none-eabi/5.4.1/armv7-m/crtbegin.o

.eh_frame_hdr
 *(.eh_frame_hdr)

.eh_frame       0x00002790        0x4
 *(.eh_frame)
 .eh_frame      0x00002790        0x0 c:/program files (x86)/cypress/psoc creator/4.4/psoc creator/import/gnu/arm/5.4.1/bin/../lib/gcc/arm-none-eabi/5.4.1/armv7-m/crtbegin.o
 .eh_frame      0x00002790        0x4 c:/program files (x86)/cypress/psoc creator/4.4/psoc creator/import/gnu/arm/5.4.1/bin/../lib/gcc/arm-none-eabi/5.4.1/armv7-m/crtend.o
                [!provide]                PROVIDE (__exidx_start, .)

.ARM.exidx
 *(.ARM.exidx* .gnu.linkonce.armexidx.*)
                0x00002794                __exidx_end = .

.rodata         0x00002794      0x7bc
 *(.rodata .rodata.* .gnu.linkonce.r.*)
 .rodata        0x00002794      0x200 .\CortexM3\ARM_GCC_541\Debug\led.o
 .rodata.str1.4
                0x00002994       0x45 .\CortexM3\ARM_GCC_541\Debug\main.o
 *fill*         0x000029d9        0x3 
 .rodata.str1.4
                0x000029dc       0x7a .\CortexM3\ARM_GCC_541\Debug\swc_brakelight.o
 *fill*         0x00002a56        0x2 
 .rodata.str1.4
                0x00002a58       0x55 .\CortexM3\ARM_GCC_541\Debug\swc_control.o
                                 0x59 (size before relaxing)
 *fill*         0x00002aad        0x3 
 .rodata.str1.4
                0x00002ab0       0x76 .\CortexM3\ARM_GCC_541\Debug\swc_engine.o
                                 0xa6 (size before relaxing)
 *fill*         0x00002b26        0x2 
 .rodata.str1.4
                0x00002b28       0x33 .\CortexM3\ARM_GCC_541\Debug\swc_joystick.o
                                 0x64 (size before relaxing)
 *fill*         0x00002b5b        0x1 
 .rodata        0x00002b5c        0xa .\CortexM3\ARM_GCC_541\Debug\tsk_control.o
                0x00002b5c                RTE_eventActivationTable_tsk_control
                0x00002b64                RTE_eventActivation_tsk_control_size
 *fill*         0x00002b66        0x2 
 .rodata        0x00002b68       0x1c .\CortexM3\ARM_GCC_541\Debug\tsk_inputoutput.o
                0x00002b68                RTE_cyclicActivationTable_tsk_inputoutput
                0x00002b78                RTE_eventActivationTable_tsk_inputoutput
                0x00002b80                RTE_eventActivation_tsk_inputoutput_size
                0x00002b82                RTE_cyclicActivation_tsk_inputoutput_size
 .rodata        0x00002b84       0xa8 .\CortexM3\ARM_GCC_541\Debug\sp_common.o
                0x00002bfc                so_speed_updTasks
                0x00002c28                so_joystick_updTasks
 .rodata        0x00002c2c       0x4c .\CortexM3\ARM_GCC_541\Debug\cyfitter_cfg.o
 .rodata        0x00002c78      0x100 .\CortexM3\ARM_GCC_541\Debug\01_Electronic_GasPedal.a(ErikaOS_ee_lookup.o)
                0x00002c78                EE_rq_lookup
 .rodata        0x00002d78      0x104 .\CortexM3\ARM_GCC_541\Debug\01_Electronic_GasPedal.a(ErikaOS_eecfg.o)
                0x00002d78                EE_oo_autostart_task_data
                0x00002d84                EE_oo_action_ROM
                0x00002dac                EE_oo_counter_object_ROM
                0x00002dc4                EE_ALARM_ID
                0x00002dcc                EE_alarm_ROM
                0x00002dd4                EE_counter_ROM
                0x00002de0                EE_th_is_extended
                0x00002df4                EE_th_rnact_max
                0x00002e08                EE_th_dispatch_prio
                0x00002e1c                EE_EVENT_ID
                0x00002e28                EE_th_ready_prio
                0x00002e3c                EE_terminate_real_th_body
                0x00002e50                EE_hal_thread_body
                0x00002e64                EE_std_thread_tos
 .rodata.str1.4
                0x00002e7c       0x98 .\CortexM3\ARM_GCC_541\Debug\01_Electronic_GasPedal.a(ErikaOS_eecfg.o)
                                 0x97 (size before relaxing)
 .rodata.str1.1
                0x00002f14        0x2 c:/program files (x86)/cypress/psoc creator/4.4/psoc creator/import/gnu/arm/5.4.1/bin/../lib/gcc/arm-none-eabi/5.4.1/../../../../arm-none-eabi/lib/armv7-m\libg_nano.a(lib_a-impure.o)
                0x00002f18                . = ALIGN (0x4)
 *fill*         0x00002f16        0x2 
 *(.init)
 .init          0x00002f18        0x4 c:/program files (x86)/cypress/psoc creator/4.4/psoc creator/import/gnu/arm/5.4.1/bin/../lib/gcc/arm-none-eabi/5.4.1/armv7-m/crti.o
                0x00002f18                _init
 .init          0x00002f1c        0x8 c:/program files (x86)/cypress/psoc creator/4.4/psoc creator/import/gnu/arm/5.4.1/bin/../lib/gcc/arm-none-eabi/5.4.1/armv7-m/crtn.o
                0x00002f24                . = ALIGN (0x4)
                0x00002f24                __preinit_array_start = .
 *(.preinit_array)
                0x00002f24                __preinit_array_end = .
                0x00002f24                . = ALIGN (0x4)
                0x00002f24                __init_array_start = .
 *(SORT(.init_array.*))
 *(.init_array)
 .init_array    0x00002f24        0x4 c:/program files (x86)/cypress/psoc creator/4.4/psoc creator/import/gnu/arm/5.4.1/bin/../lib/gcc/arm-none-eabi/5.4.1/armv7-m/crtbegin.o
 .init_array    0x00002f28        0x4 .\CortexM3\ARM_GCC_541\Debug\Cm3Start.o
                0x00002f2c                __init_array_end = .
                0x00002f2c                . = ALIGN (0x4)
 *(.fini)
 .fini          0x00002f2c        0x4 c:/program files (x86)/cypress/psoc creator/4.4/psoc creator/import/gnu/arm/5.4.1/bin/../lib/gcc/arm-none-eabi/5.4.1/armv7-m/crti.o
                0x00002f2c                _fini
 .fini          0x00002f30        0x8 c:/program files (x86)/cypress/psoc creator/4.4/psoc creator/import/gnu/arm/5.4.1/bin/../lib/gcc/arm-none-eabi/5.4.1/armv7-m/crtn.o
                0x00002f38                . = ALIGN (0x4)
                0x00002f38                __fini_array_start = .
 *(.fini_array)
 .fini_array    0x00002f38        0x4 c:/program files (x86)/cypress/psoc creator/4.4/psoc creator/import/gnu/arm/5.4.1/bin/../lib/gcc/arm-none-eabi/5.4.1/armv7-m/crtbegin.o
 *(SORT(.fini_array.*))
                0x00002f3c                __fini_array_end = .
                0x00002f3c                . = ALIGN (0x4)
 *crtbegin.o(.ctors)
 *(EXCLUDE_FILE(*crtend.o) .ctors)
 *(SORT(.ctors.*))
 *crtend.o(.ctors)
                0x00002f3c                . = ALIGN (0x4)
 *crtbegin.o(.dtors)
 *(EXCLUDE_FILE(*crtend.o) .dtors)
 *(SORT(.dtors.*))
 *crtend.o(.dtors)
                0x00002f3c                . = ALIGN (0x4)
                0x00002f3c                __cy_regions = .
                0x00002f3c        0x4 LONG 0x2f50 __cy_region_init_ram
                0x00002f40        0x4 LONG 0x1fff80c8 __cy_region_start_data
                0x00002f44        0x4 LONG 0x1f8 __cy_region_init_size_ram
                0x00002f48        0x4 LONG 0x10b8 __cy_region_zero_size_ram
                0x00002f4c                __cy_regions_end = .
                0x00002f50                . = ALIGN (0x8)
 *fill*         0x00002f4c        0x4 
                0x00002f50                _etext = .

.cy_checksum_exclude
                0x00002f50        0x0
 *(.cy_checksum_exclude)

.ramvectors     0x1fff8000       0xc0
                0x1fff8000                __cy_region_start_ram = .
 *(.ramvectors)
 .ramvectors    0x1fff8000       0xc0 .\CortexM3\ARM_GCC_541\Debug\Cm3Start.o
                0x1fff8000                CyRamVectors

.noinit         0x1fff80c0        0x1
 *(.noinit)
 .noinit        0x1fff80c0        0x1 .\CortexM3\ARM_GCC_541\Debug\01_Electronic_GasPedal.a(CyLib.o)
                0x1fff80c0                CyResetStatus

.data           0x1fff80c8      0x1f8 load address 0x00002f50
                0x1fff80c8                __cy_region_start_data = .
 *(.jcr)
 .jcr           0x1fff80c8        0x0 c:/program files (x86)/cypress/psoc creator/4.4/psoc creator/import/gnu/arm/5.4.1/bin/../lib/gcc/arm-none-eabi/5.4.1/armv7-m/crtbegin.o
 .jcr           0x1fff80c8        0x4 c:/program files (x86)/cypress/psoc creator/4.4/psoc creator/import/gnu/arm/5.4.1/bin/../lib/gcc/arm-none-eabi/5.4.1/armv7-m/crtend.o
 *(.got.plt)
 *(.got)
 *(.shdata)
 *(.data .data.* .gnu.linkonce.d.*)
 .data          0x1fff80cc       0x30 .\CortexM3\ARM_GCC_541\Debug\sp_common.o
                0x1fff80cc                SO_JOYSTICK_signal
                0x1fff80d8                SO_SPEED_signal
                0x1fff80e4                SO_ENGINE_signal
                0x1fff80f0                SO_BRAKELIGHT_signal
 .data          0x1fff80fc      0x140 .\CortexM3\ARM_GCC_541\Debug\01_Electronic_GasPedal.a(ErikaOS_eecfg.o)
                0x1fff80fc                EE_ALARM_NAME
                0x1fff8104                EE_counter_RAM
                0x1fff810c                EE_th_terminate_nextask
                0x1fff8120                EE_rq_pairs_next
                0x1fff8134                EE_rq_link
                0x1fff8148                EE_th_rnact
                0x1fff815c                EE_rq_queues_tail
                0x1fff819c                EE_rq_queues_head
                0x1fff81dc                EE_stkfirst
                0x1fff81e0                EE_th_next
                0x1fff81f4                EE_th_status
                0x1fff8208                EE_EVENT_NAME
                0x1fff8214                EE_TASK_NAME
                0x1fff8228                EE_cortex_mx_IRQ_tos
                0x1fff822c                EE_cortex_mx_system_tos
 .data          0x1fff823c        0x8 .\CortexM3\ARM_GCC_541\Debug\01_Electronic_GasPedal.a(CyDmac.o)
 .data          0x1fff8244       0x10 .\CortexM3\ARM_GCC_541\Debug\01_Electronic_GasPedal.a(CyLib.o)
                0x1fff8244                cydelay_32k_ms
                0x1fff8248                cydelay_freq_khz
                0x1fff824c                cydelay_freq_mhz
                0x1fff8250                cydelay_freq_hz
 .data          0x1fff8254        0x2 .\CortexM3\ARM_GCC_541\Debug\01_Electronic_GasPedal.a(JOYSTICK_ADC_XY.o)
 .data          0x1fff8256        0x1 .\CortexM3\ARM_GCC_541\Debug\01_Electronic_GasPedal.a(JOYSTICK_ADC_XY_TempBuf_dma.o)
                0x1fff8256                JOYSTICK_ADC_XY_TempBuf_DmaHandle
 .data          0x1fff8257        0x1 .\CortexM3\ARM_GCC_541\Debug\01_Electronic_GasPedal.a(JOYSTICK_ADC_XY_FinalBuf_dma.o)
                0x1fff8257                JOYSTICK_ADC_XY_FinalBuf_DmaHandle
 .data          0x1fff8258        0x4 .\CortexM3\ARM_GCC_541\Debug\01_Electronic_GasPedal.a(ErikaOS_ee_gnu_irq_stack.o)
 .data.impure_data
                0x1fff825c       0x60 c:/program files (x86)/cypress/psoc creator/4.4/psoc creator/import/gnu/arm/5.4.1/bin/../lib/gcc/arm-none-eabi/5.4.1/../../../../arm-none-eabi/lib/armv7-m\libg_nano.a(lib_a-impure.o)
 .data._impure_ptr
                0x1fff82bc        0x4 c:/program files (x86)/cypress/psoc creator/4.4/psoc creator/import/gnu/arm/5.4.1/bin/../lib/gcc/arm-none-eabi/5.4.1/../../../../arm-none-eabi/lib/armv7-m\libg_nano.a(lib_a-impure.o)
                0x1fff82bc                _impure_ptr
                0x1fff82c0                . = ALIGN (0x8)
 *(.ram)
                0x1fff82c0                _edata = .

.igot.plt       0x1fff82c0        0x0 load address 0x00003148
 .igot.plt      0x1fff82c0        0x0 c:/program files (x86)/cypress/psoc creator/4.4/psoc creator/import/gnu/arm/5.4.1/bin/../lib/gcc/arm-none-eabi/5.4.1/armv7-m/crtbegin.o

.bss            0x1fff82c0     0x10b8 load address 0x00003148
                0x1fff82c0                PROVIDE (__bss_start__, .)
 *(.shbss)
 *(.bss .bss.* .gnu.linkonce.b.*)
 .bss           0x1fff82c0       0x1c c:/program files (x86)/cypress/psoc creator/4.4/psoc creator/import/gnu/arm/5.4.1/bin/../lib/gcc/arm-none-eabi/5.4.1/armv7-m/crtbegin.o
 .bss           0x1fff82dc        0x3 .\CortexM3\ARM_GCC_541\Debug\led.o
 .bss           0x1fff82df        0x1 .\CortexM3\ARM_GCC_541\Debug\watchdog.o
                0x1fff82df                aliveWD_st
 .bss           0x1fff82e0        0x1 .\CortexM3\ARM_GCC_541\Debug\swc_brakelight.o
 *fill*         0x1fff82e1        0x3 
 .bss           0x1fff82e4       0x22 .\CortexM3\ARM_GCC_541\Debug\swc_control.o
 *fill*         0x1fff8306        0x2 
 .bss           0x1fff8308       0x22 .\CortexM3\ARM_GCC_541\Debug\swc_engine.o
 *fill*         0x1fff832a        0x2 
 .bss           0x1fff832c       0x22 .\CortexM3\ARM_GCC_541\Debug\swc_joystick.o
 *fill*         0x1fff834e        0x2 
 .bss           0x1fff8350        0x4 .\CortexM3\ARM_GCC_541\Debug\tsk_inputoutput.o
 .bss           0x1fff8354       0x4c .\CortexM3\ARM_GCC_541\Debug\01_Electronic_GasPedal.a(ErikaOS_eecfg.o)
                0x1fff8354                EE_th_waswaiting
                0x1fff8368                EE_th_event_waitmask
                0x1fff837c                EE_th_event_active
                0x1fff8390                EE_rq_free
                0x1fff8394                EE_rq_bitmask
                0x1fff8398                EE_sys_ceiling
                0x1fff839c                EE_cortex_mx_active_tos
 .bss           0x1fff83a0        0x9 .\CortexM3\ARM_GCC_541\Debug\01_Electronic_GasPedal.a(UART_LOG.o)
                0x1fff83a0                UART_LOG_errorStatus
                0x1fff83a1                UART_LOG_initVar
                0x1fff83a2                UART_LOG_rxBufferRead
                0x1fff83a3                UART_LOG_rxBufferWrite
                0x1fff83a4                UART_LOG_rxBufferLoopDetect
                0x1fff83a5                UART_LOG_rxBufferOverflow
                0x1fff83a6                UART_LOG_txBufferRead
                0x1fff83a7                UART_LOG_txBufferWrite
 .bss           0x1fff83a9        0x1 .\CortexM3\ARM_GCC_541\Debug\01_Electronic_GasPedal.a(RGB_PWM_red.o)
                0x1fff83a9                RGB_PWM_red_initVar
 .bss           0x1fff83aa        0x1 .\CortexM3\ARM_GCC_541\Debug\01_Electronic_GasPedal.a(RGB_PWM_green.o)
                0x1fff83aa                RGB_PWM_green_initVar
 *fill*         0x1fff83ab        0x1 
 .bss           0x1fff83ac        0xc .\CortexM3\ARM_GCC_541\Debug\01_Electronic_GasPedal.a(JOYSTICK_ADC_XY.o)
                0x1fff83b4                JOYSTICK_ADC_XY_initVar
 .bss           0x1fff83b8        0x1 .\CortexM3\ARM_GCC_541\Debug\01_Electronic_GasPedal.a(RGB_PWM_blue.o)
                0x1fff83b8                RGB_PWM_blue_initVar
 .bss           0x1fff83b9        0x1 .\CortexM3\ARM_GCC_541\Debug\01_Electronic_GasPedal.a(JOYSTICK_ADC_XY_SAR.o)
                0x1fff83b9                JOYSTICK_ADC_XY_SAR_initVar
 *(COMMON)
 COMMON         0x1fff83ba        0x1 .\CortexM3\ARM_GCC_541\Debug\watchdog.o
                0x1fff83ba                wdt_test
 *fill*         0x1fff83bb        0x1 
 COMMON         0x1fff83bc        0x8 .\CortexM3\ARM_GCC_541\Debug\01_Electronic_GasPedal.a(ErikaOS_ee_lookup.o)
                0x1fff83bc                EE_oo_IRQ_disable_count
                0x1fff83c0                EE_oo_IRQ_suspend_status
 COMMON         0x1fff83c4        0x4 .\CortexM3\ARM_GCC_541\Debug\01_Electronic_GasPedal.a(ErikaOS_ee_startos.o)
                0x1fff83c4                EE_oo_started
 COMMON         0x1fff83c8        0x8 .\CortexM3\ARM_GCC_541\Debug\01_Electronic_GasPedal.a(ErikaOS_common_ee_hal_structs.o)
                0x1fff83c8                EE_IRQ_nesting_level
                0x1fff83cc                EE_std_endcycle_next_tid
 COMMON         0x1fff83d0      0xe04 .\CortexM3\ARM_GCC_541\Debug\01_Electronic_GasPedal.a(ErikaOS_eecfg.o)
                0x1fff83d0                EE_cortex_mx_stack_3
                0x1fff87b8                EE_rq_pairs_tid
                0x1fff87cc                EE_terminate_data
                0x1fff87e0                EE_oo_counter_object_RAM
                0x1fff8800                EE_cortex_mx_stack_5
                0x1fff8be8                EE_ApplicationMode
                0x1fff8bec                EE_cortex_mx_stack_4
                0x1fff8fd4                EE_cortex_mx_stack_9
 COMMON         0x1fff91d4      0x190 .\CortexM3\ARM_GCC_541\Debug\01_Electronic_GasPedal.a(UART_LOG.o)
                0x1fff91d4                UART_LOG_rxBuffer
                0x1fff929c                UART_LOG_txBuffer
 COMMON         0x1fff9364        0x4 .\CortexM3\ARM_GCC_541\Debug\01_Electronic_GasPedal.a(JOYSTICK_ADC_XY.o)
                0x1fff9364                JOYSTICK_ADC_XY_finalArray
 COMMON         0x1fff9368        0xc .\CortexM3\ARM_GCC_541\Debug\01_Electronic_GasPedal.a(JOYSTICK_ADC_XY_SAR.o)
                0x1fff9368                JOYSTICK_ADC_XY_SAR_offset
                0x1fff936a                JOYSTICK_ADC_XY_SAR_countsPerVolt
                0x1fff936c                JOYSTICK_ADC_XY_SAR_shift
                0x1fff9370                JOYSTICK_ADC_XY_SAR_countsPer10Volt
                0x1fff9378                . = ALIGN (0x8)
 *fill*         0x1fff9374        0x4 
 *(.ram.b)
                0x1fff9378                _end = .
                0x1fff9378                __end = .
                0x1fff9378                PROVIDE (end, .)
                0x1fff9378                PROVIDE (__bss_end__, .)
                0x00002f50                __cy_region_init_ram = LOADADDR (.data)
                0x000001f8                __cy_region_init_size_ram = (_edata - ADDR (.data))
                0x000010b8                __cy_region_zero_size_ram = (_end - _edata)

.heap           0x1fff9378       0x80 load address 0x00003148
                0x1fff9378                . = _end
                0x1fff93f8                . = (. + 0x80)
 *fill*         0x1fff9378       0x80 
                0x1fff93f8                __cy_heap_limit = .

.stack          0x20007800      0x800
                0x20007800                __cy_stack_limit = .
                0x20008000                . = (. + 0x800)
 *fill*         0x20007800      0x800 
                0x00000001                ASSERT ((__cy_stack_limit >= __cy_heap_limit), region RAM overflowed with stack)
                0x00000000                cy_checksum_exclude_size = (CY_APPL_LOADABLE == 0x1)?SIZEOF (.cy_checksum_exclude):0x0
                0x00000001                ASSERT ((cy_checksum_exclude_size <= CY_CHECKSUM_EXCLUDE_SIZE), CY_BOOT: Section .cy_checksum_exclude size exceedes specified limit.)

.cyloadermeta
 *(.cyloadermeta)

.cyloadablemeta
 *(.cyloadablemeta)

.cyconfigecc    0x80000000      0xa90
 *(.cyconfigecc)
 .cyconfigecc   0x80000000      0xa90 .\CortexM3\ARM_GCC_541\Debug\cymetadata.o
                0x80000000                cy_meta_configecc

.cycustnvl      0x90000000        0x4
 *(.cycustnvl)
 .cycustnvl     0x90000000        0x4 .\CortexM3\ARM_GCC_541\Debug\cymetadata.o
                0x90000000                cy_meta_custnvl

.cywolatch      0x90100000        0x4
 *(.cywolatch)
 .cywolatch     0x90100000        0x4 .\CortexM3\ARM_GCC_541\Debug\cymetadata.o
                0x90100000                cy_meta_wonvl

.cyeeprom       0x90200000        0x0
 *(.cyeeprom)
                0x00000001                ASSERT ((. <= ((0x90200000 + ee_offset) + ee_size)), .cyeeprom data will not fit in EEPROM)

.cyflashprotect
                0x90400000      0x100
 *(.cyflashprotect)
 .cyflashprotect
                0x90400000      0x100 .\CortexM3\ARM_GCC_541\Debug\cymetadata.o
                0x90400000                cy_meta_flashprotect

.cymeta         0x90500000        0xc
 *(.cymeta)
 .cymeta        0x90500000        0xc .\CortexM3\ARM_GCC_541\Debug\cymetadata.o
                0x90500000                cy_metadata

.rel.dyn        0x00003148        0x0 load address 0x9050000c
 .rel.iplt      0x00003148        0x0 c:/program files (x86)/cypress/psoc creator/4.4/psoc creator/import/gnu/arm/5.4.1/bin/../lib/gcc/arm-none-eabi/5.4.1/armv7-m/crtbegin.o

.stab
 *(.stab)

.stabstr
 *(.stabstr)

.debug
 *(.debug)

.line
 *(.line)

.debug_srcinfo
 *(.debug_srcinfo)

.debug_sfnames
 *(.debug_sfnames)

.debug_aranges  0x00000000     0x1330
 *(.debug_aranges)
 .debug_aranges
                0x00000000       0x28 .\CortexM3\ARM_GCC_541\Debug\logging.o
 .debug_aranges
                0x00000028       0x28 .\CortexM3\ARM_GCC_541\Debug\joystick.o
 .debug_aranges
                0x00000050       0x38 .\CortexM3\ARM_GCC_541\Debug\led.o
 .debug_aranges
                0x00000088       0x20 .\CortexM3\ARM_GCC_541\Debug\intToASCII.o
 .debug_aranges
                0x000000a8       0x38 .\CortexM3\ARM_GCC_541\Debug\watchdog.o
 .debug_aranges
                0x000000e0       0x60 .\CortexM3\ARM_GCC_541\Debug\main.o
 .debug_aranges
                0x00000140       0x20 .\CortexM3\ARM_GCC_541\Debug\swc_brakelight.o
 .debug_aranges
                0x00000160       0x20 .\CortexM3\ARM_GCC_541\Debug\swc_control.o
 .debug_aranges
                0x00000180       0x20 .\CortexM3\ARM_GCC_541\Debug\swc_engine.o
 .debug_aranges
                0x000001a0       0x20 .\CortexM3\ARM_GCC_541\Debug\swc_joystick.o
 .debug_aranges
                0x000001c0       0x20 .\CortexM3\ARM_GCC_541\Debug\tsk_background.o
 .debug_aranges
                0x000001e0       0x20 .\CortexM3\ARM_GCC_541\Debug\tsk_control.o
 .debug_aranges
                0x00000200       0x20 .\CortexM3\ARM_GCC_541\Debug\tsk_inputoutput.o
 .debug_aranges
                0x00000220       0x20 .\CortexM3\ARM_GCC_541\Debug\tsk_system.o
 .debug_aranges
                0x00000240       0x28 .\CortexM3\ARM_GCC_541\Debug\rte.o
 .debug_aranges
                0x00000268       0x20 .\CortexM3\ARM_GCC_541\Debug\sc_brakelight_type.o
 .debug_aranges
                0x00000288       0x20 .\CortexM3\ARM_GCC_541\Debug\sc_engine_type.o
 .debug_aranges
                0x000002a8       0x20 .\CortexM3\ARM_GCC_541\Debug\sc_joystick_type.o
 .debug_aranges
                0x000002c8       0x20 .\CortexM3\ARM_GCC_541\Debug\sp_common.o
 .debug_aranges
                0x000002e8       0x58 .\CortexM3\ARM_GCC_541\Debug\cyfitter_cfg.o
 .debug_aranges
                0x00000340       0x18 .\CortexM3\ARM_GCC_541\Debug\cymetadata.o
 .debug_aranges
                0x00000358       0x48 .\CortexM3\ARM_GCC_541\Debug\Cm3Start.o
 .debug_aranges
                0x000003a0       0x20 .\CortexM3\ARM_GCC_541\Debug\01_Electronic_GasPedal.a(ErikaOS_ee_activate.o)
 .debug_aranges
                0x000003c0       0x20 .\CortexM3\ARM_GCC_541\Debug\01_Electronic_GasPedal.a(ErikaOS_ee_alsetrel.o)
 .debug_aranges
                0x000003e0       0x58 .\CortexM3\ARM_GCC_541\Debug\01_Electronic_GasPedal.a(ErikaOS_ee_altick.o)
 .debug_aranges
                0x00000438       0x20 .\CortexM3\ARM_GCC_541\Debug\01_Electronic_GasPedal.a(ErikaOS_ee_evclear.o)
 .debug_aranges
                0x00000458       0x20 .\CortexM3\ARM_GCC_541\Debug\01_Electronic_GasPedal.a(ErikaOS_ee_evget.o)
 .debug_aranges
                0x00000478       0x20 .\CortexM3\ARM_GCC_541\Debug\01_Electronic_GasPedal.a(ErikaOS_ee_evset.o)
 .debug_aranges
                0x00000498       0x20 .\CortexM3\ARM_GCC_541\Debug\01_Electronic_GasPedal.a(ErikaOS_ee_evwait.o)
 .debug_aranges
                0x000004b8       0x30 .\CortexM3\ARM_GCC_541\Debug\01_Electronic_GasPedal.a(ErikaOS_ee_irqendin.o)
 .debug_aranges
                0x000004e8       0x18 .\CortexM3\ARM_GCC_541\Debug\01_Electronic_GasPedal.a(ErikaOS_ee_lookup.o)
 .debug_aranges
                0x00000500       0x20 .\CortexM3\ARM_GCC_541\Debug\01_Electronic_GasPedal.a(ErikaOS_ee_rq_exchg.o)
 .debug_aranges
                0x00000520       0x20 .\CortexM3\ARM_GCC_541\Debug\01_Electronic_GasPedal.a(ErikaOS_ee_rq_first.o)
 .debug_aranges
                0x00000540       0x20 .\CortexM3\ARM_GCC_541\Debug\01_Electronic_GasPedal.a(ErikaOS_ee_rq_inser.o)
 .debug_aranges
                0x00000560       0x30 .\CortexM3\ARM_GCC_541\Debug\01_Electronic_GasPedal.a(ErikaOS_ee_shtdown.o)
 .debug_aranges
                0x00000590       0x40 .\CortexM3\ARM_GCC_541\Debug\01_Electronic_GasPedal.a(ErikaOS_ee_startos.o)
 .debug_aranges
                0x000005d0       0x20 .\CortexM3\ARM_GCC_541\Debug\01_Electronic_GasPedal.a(ErikaOS_ee_terminat.o)
 .debug_aranges
                0x000005f0       0x20 .\CortexM3\ARM_GCC_541\Debug\01_Electronic_GasPedal.a(ErikaOS_cortex_mx_ee_utils.o)
 .debug_aranges
                0x00000610       0x18 .\CortexM3\ARM_GCC_541\Debug\01_Electronic_GasPedal.a(ErikaOS_common_ee_hal_structs.o)
 .debug_aranges
                0x00000628       0x18 .\CortexM3\ARM_GCC_541\Debug\01_Electronic_GasPedal.a(ErikaOS_eecfg.o)
 .debug_aranges
                0x00000640       0xf0 .\CortexM3\ARM_GCC_541\Debug\01_Electronic_GasPedal.a(UART_LOG.o)
 .debug_aranges
                0x00000730       0x28 .\CortexM3\ARM_GCC_541\Debug\01_Electronic_GasPedal.a(UART_LOG_INT.o)
 .debug_aranges
                0x00000758       0x70 .\CortexM3\ARM_GCC_541\Debug\01_Electronic_GasPedal.a(UART_LOG_IntClock.o)
 .debug_aranges
                0x000007c8       0xd8 .\CortexM3\ARM_GCC_541\Debug\01_Electronic_GasPedal.a(CyDmac.o)
 .debug_aranges
                0x000008a0      0x2a0 .\CortexM3\ARM_GCC_541\Debug\01_Electronic_GasPedal.a(CyLib.o)
 .debug_aranges
                0x00000b40       0x98 .\CortexM3\ARM_GCC_541\Debug\01_Electronic_GasPedal.a(cyPm.o)
 .debug_aranges
                0x00000bd8       0x98 .\CortexM3\ARM_GCC_541\Debug\01_Electronic_GasPedal.a(RGB_PWM_red.o)
 .debug_aranges
                0x00000c70       0x98 .\CortexM3\ARM_GCC_541\Debug\01_Electronic_GasPedal.a(RGB_PWM_green.o)
 .debug_aranges
                0x00000d08       0x38 .\CortexM3\ARM_GCC_541\Debug\01_Electronic_GasPedal.a(LED_red.o)
 .debug_aranges
                0x00000d40       0x38 .\CortexM3\ARM_GCC_541\Debug\01_Electronic_GasPedal.a(LED_yellow.o)
 .debug_aranges
                0x00000d78       0x38 .\CortexM3\ARM_GCC_541\Debug\01_Electronic_GasPedal.a(LED_green.o)
 .debug_aranges
                0x00000db0       0xa0 .\CortexM3\ARM_GCC_541\Debug\01_Electronic_GasPedal.a(JOYSTICK_ADC_XY.o)
 .debug_aranges
                0x00000e50       0x20 .\CortexM3\ARM_GCC_541\Debug\01_Electronic_GasPedal.a(JOYSTICK_ADC_XY_INT.o)
 .debug_aranges
                0x00000e70       0x98 .\CortexM3\ARM_GCC_541\Debug\01_Electronic_GasPedal.a(RGB_PWM_blue.o)
 .debug_aranges
                0x00000f08       0xa8 .\CortexM3\ARM_GCC_541\Debug\01_Electronic_GasPedal.a(JOYSTICK_ADC_XY_SAR.o)
 .debug_aranges
                0x00000fb0       0x28 .\CortexM3\ARM_GCC_541\Debug\01_Electronic_GasPedal.a(JOYSTICK_ADC_XY_TempBuf_dma.o)
 .debug_aranges
                0x00000fd8       0x28 .\CortexM3\ARM_GCC_541\Debug\01_Electronic_GasPedal.a(JOYSTICK_ADC_XY_FinalBuf_dma.o)
 .debug_aranges
                0x00001000       0x80 .\CortexM3\ARM_GCC_541\Debug\01_Electronic_GasPedal.a(JOYSTICK_ADC_XY_IRQ.o)
 .debug_aranges
                0x00001080       0x38 .\CortexM3\ARM_GCC_541\Debug\01_Electronic_GasPedal.a(testWDT.o)
 .debug_aranges
                0x000010b8       0x38 .\CortexM3\ARM_GCC_541\Debug\01_Electronic_GasPedal.a(OSShutdown.o)
 .debug_aranges
                0x000010f0       0x20 .\CortexM3\ARM_GCC_541\Debug\01_Electronic_GasPedal.a(ErikaOS_ee_gnu_change_context_isr.o)
 .debug_aranges
                0x00001110       0x20 .\CortexM3\ARM_GCC_541\Debug\01_Electronic_GasPedal.a(ErikaOS_ee_gnu_irq_stack.o)
 .debug_aranges
                0x00001130       0x20 .\CortexM3\ARM_GCC_541\Debug\01_Electronic_GasPedal.a(ErikaOS_ee_gnu_multi_context.o)
 .debug_aranges
                0x00001150       0x20 .\CortexM3\ARM_GCC_541\Debug\01_Electronic_GasPedal.a(ErikaOS_ee_gnu_oo.o)
 .debug_aranges
                0x00001170       0x20 .\CortexM3\ARM_GCC_541\Debug\01_Electronic_GasPedal.a(CyBootAsmGnu.o)
 .debug_aranges
                0x00001190       0x20 .\CortexM3\ARM_GCC_541\Debug\01_Electronic_GasPedal.a(ErikaOS_ee_tnterm.o)
 .debug_aranges
                0x000011b0       0x20 .\CortexM3\ARM_GCC_541\Debug\01_Electronic_GasPedal.a(ErikaOS_ee_tstub.o)
 .debug_aranges
                0x000011d0       0x28 .\CortexM3\ARM_GCC_541\Debug\01_Electronic_GasPedal.a(ErikaOS_cortex_mx_ee_context.o)
 .debug_aranges
                0x000011f8       0x88 .\CortexM3\ARM_GCC_541\Debug\01_Electronic_GasPedal.a(CyFlash.o)
 .debug_aranges
                0x00001280       0x80 .\CortexM3\ARM_GCC_541\Debug\01_Electronic_GasPedal.a(CySpc.o)
 .debug_aranges
                0x00001300       0x30 .\CortexM3\ARM_GCC_541\Debug\01_Electronic_GasPedal.a(ErikaOS_ee_thendin.o)

.debug_pubnames
 *(.debug_pubnames)

.debug_info     0x00000000    0x165b6
 *(.debug_info .gnu.linkonce.wi.*)
 .debug_info    0x00000000      0x3b5 .\CortexM3\ARM_GCC_541\Debug\logging.o
 .debug_info    0x000003b5      0x2de .\CortexM3\ARM_GCC_541\Debug\joystick.o
 .debug_info    0x00000693      0x5a4 .\CortexM3\ARM_GCC_541\Debug\led.o
 .debug_info    0x00000c37      0x264 .\CortexM3\ARM_GCC_541\Debug\intToASCII.o
 .debug_info    0x00000e9b      0x315 .\CortexM3\ARM_GCC_541\Debug\watchdog.o
 .debug_info    0x000011b0      0x923 .\CortexM3\ARM_GCC_541\Debug\main.o
 .debug_info    0x00001ad3      0x85d .\CortexM3\ARM_GCC_541\Debug\swc_brakelight.o
 .debug_info    0x00002330      0x874 .\CortexM3\ARM_GCC_541\Debug\swc_control.o
 .debug_info    0x00002ba4      0x96b .\CortexM3\ARM_GCC_541\Debug\swc_engine.o
 .debug_info    0x0000350f      0x76e .\CortexM3\ARM_GCC_541\Debug\swc_joystick.o
 .debug_info    0x00003c7d      0x16f .\CortexM3\ARM_GCC_541\Debug\tsk_background.o
 .debug_info    0x00003dec      0x279 .\CortexM3\ARM_GCC_541\Debug\tsk_control.o
 .debug_info    0x00004065      0x32f .\CortexM3\ARM_GCC_541\Debug\tsk_inputoutput.o
 .debug_info    0x00004394      0x154 .\CortexM3\ARM_GCC_541\Debug\tsk_system.o
 .debug_info    0x000044e8      0x35f .\CortexM3\ARM_GCC_541\Debug\rte.o
 .debug_info    0x00004847      0x23c .\CortexM3\ARM_GCC_541\Debug\sc_brakelight_type.o
 .debug_info    0x00004a83      0x247 .\CortexM3\ARM_GCC_541\Debug\sc_engine_type.o
 .debug_info    0x00004cca      0x277 .\CortexM3\ARM_GCC_541\Debug\sc_joystick_type.o
 .debug_info    0x00004f41      0xaa7 .\CortexM3\ARM_GCC_541\Debug\sp_common.o
 .debug_info    0x000059e8      0x623 .\CortexM3\ARM_GCC_541\Debug\cyfitter_cfg.o
 .debug_info    0x0000600b      0x139 .\CortexM3\ARM_GCC_541\Debug\cymetadata.o
 .debug_info    0x00006144      0x3cf .\CortexM3\ARM_GCC_541\Debug\Cm3Start.o
 .debug_info    0x00006513      0x80d .\CortexM3\ARM_GCC_541\Debug\01_Electronic_GasPedal.a(ErikaOS_ee_activate.o)
 .debug_info    0x00006d20      0x5e5 .\CortexM3\ARM_GCC_541\Debug\01_Electronic_GasPedal.a(ErikaOS_ee_alsetrel.o)
 .debug_info    0x00007305      0xc3b .\CortexM3\ARM_GCC_541\Debug\01_Electronic_GasPedal.a(ErikaOS_ee_altick.o)
 .debug_info    0x00007f40      0x5a7 .\CortexM3\ARM_GCC_541\Debug\01_Electronic_GasPedal.a(ErikaOS_ee_evclear.o)
 .debug_info    0x000084e7      0x4ca .\CortexM3\ARM_GCC_541\Debug\01_Electronic_GasPedal.a(ErikaOS_ee_evget.o)
 .debug_info    0x000089b1      0x7c3 .\CortexM3\ARM_GCC_541\Debug\01_Electronic_GasPedal.a(ErikaOS_ee_evset.o)
 .debug_info    0x00009174      0x84e .\CortexM3\ARM_GCC_541\Debug\01_Electronic_GasPedal.a(ErikaOS_ee_evwait.o)
 .debug_info    0x000099c2      0x5cb .\CortexM3\ARM_GCC_541\Debug\01_Electronic_GasPedal.a(ErikaOS_ee_irqendin.o)
 .debug_info    0x00009f8d      0x3d0 .\CortexM3\ARM_GCC_541\Debug\01_Electronic_GasPedal.a(ErikaOS_ee_lookup.o)
 .debug_info    0x0000a35d      0x46f .\CortexM3\ARM_GCC_541\Debug\01_Electronic_GasPedal.a(ErikaOS_ee_rq_exchg.o)
 .debug_info    0x0000a7cc      0x421 .\CortexM3\ARM_GCC_541\Debug\01_Electronic_GasPedal.a(ErikaOS_ee_rq_first.o)
 .debug_info    0x0000abed      0x475 .\CortexM3\ARM_GCC_541\Debug\01_Electronic_GasPedal.a(ErikaOS_ee_rq_inser.o)
 .debug_info    0x0000b062      0x4f5 .\CortexM3\ARM_GCC_541\Debug\01_Electronic_GasPedal.a(ErikaOS_ee_shtdown.o)
 .debug_info    0x0000b557     0x2040 .\CortexM3\ARM_GCC_541\Debug\01_Electronic_GasPedal.a(ErikaOS_ee_startos.o)
 .debug_info    0x0000d597      0x589 .\CortexM3\ARM_GCC_541\Debug\01_Electronic_GasPedal.a(ErikaOS_ee_terminat.o)
 .debug_info    0x0000db20      0x52b .\CortexM3\ARM_GCC_541\Debug\01_Electronic_GasPedal.a(ErikaOS_cortex_mx_ee_utils.o)
 .debug_info    0x0000e04b      0x3cb .\CortexM3\ARM_GCC_541\Debug\01_Electronic_GasPedal.a(ErikaOS_common_ee_hal_structs.o)
 .debug_info    0x0000e416      0x8d8 .\CortexM3\ARM_GCC_541\Debug\01_Electronic_GasPedal.a(ErikaOS_eecfg.o)
 .debug_info    0x0000ecee      0x7ae .\CortexM3\ARM_GCC_541\Debug\01_Electronic_GasPedal.a(UART_LOG.o)
 .debug_info    0x0000f49c      0x186 .\CortexM3\ARM_GCC_541\Debug\01_Electronic_GasPedal.a(UART_LOG_INT.o)
 .debug_info    0x0000f622      0x283 .\CortexM3\ARM_GCC_541\Debug\01_Electronic_GasPedal.a(UART_LOG_IntClock.o)
 .debug_info    0x0000f8a5      0x94e .\CortexM3\ARM_GCC_541\Debug\01_Electronic_GasPedal.a(CyDmac.o)
 .debug_info    0x000101f3     0x1374 .\CortexM3\ARM_GCC_541\Debug\01_Electronic_GasPedal.a(CyLib.o)
 .debug_info    0x00011567      0xa2a .\CortexM3\ARM_GCC_541\Debug\01_Electronic_GasPedal.a(cyPm.o)
 .debug_info    0x00011f91      0x351 .\CortexM3\ARM_GCC_541\Debug\01_Electronic_GasPedal.a(RGB_PWM_red.o)
 .debug_info    0x000122e2      0x351 .\CortexM3\ARM_GCC_541\Debug\01_Electronic_GasPedal.a(RGB_PWM_green.o)
 .debug_info    0x00012633      0x11f .\CortexM3\ARM_GCC_541\Debug\01_Electronic_GasPedal.a(LED_red.o)
 .debug_info    0x00012752      0x11f .\CortexM3\ARM_GCC_541\Debug\01_Electronic_GasPedal.a(LED_yellow.o)
 .debug_info    0x00012871      0x11f .\CortexM3\ARM_GCC_541\Debug\01_Electronic_GasPedal.a(LED_green.o)
 .debug_info    0x00012990      0x6f2 .\CortexM3\ARM_GCC_541\Debug\01_Electronic_GasPedal.a(JOYSTICK_ADC_XY.o)
 .debug_info    0x00013082       0xa0 .\CortexM3\ARM_GCC_541\Debug\01_Electronic_GasPedal.a(JOYSTICK_ADC_XY_INT.o)
 .debug_info    0x00013122      0x351 .\CortexM3\ARM_GCC_541\Debug\01_Electronic_GasPedal.a(RGB_PWM_blue.o)
 .debug_info    0x00013473      0x544 .\CortexM3\ARM_GCC_541\Debug\01_Electronic_GasPedal.a(JOYSTICK_ADC_XY_SAR.o)
 .debug_info    0x000139b7      0x1a8 .\CortexM3\ARM_GCC_541\Debug\01_Electronic_GasPedal.a(JOYSTICK_ADC_XY_TempBuf_dma.o)
 .debug_info    0x00013b5f      0x1aa .\CortexM3\ARM_GCC_541\Debug\01_Electronic_GasPedal.a(JOYSTICK_ADC_XY_FinalBuf_dma.o)
 .debug_info    0x00013d09      0x2d2 .\CortexM3\ARM_GCC_541\Debug\01_Electronic_GasPedal.a(JOYSTICK_ADC_XY_IRQ.o)
 .debug_info    0x00013fdb      0x11f .\CortexM3\ARM_GCC_541\Debug\01_Electronic_GasPedal.a(testWDT.o)
 .debug_info    0x000140fa      0x11f .\CortexM3\ARM_GCC_541\Debug\01_Electronic_GasPedal.a(OSShutdown.o)
 .debug_info    0x00014219       0xb1 .\CortexM3\ARM_GCC_541\Debug\01_Electronic_GasPedal.a(ErikaOS_ee_gnu_change_context_isr.o)
 .debug_info    0x000142ca       0xa8 .\CortexM3\ARM_GCC_541\Debug\01_Electronic_GasPedal.a(ErikaOS_ee_gnu_irq_stack.o)
 .debug_info    0x00014372       0xac .\CortexM3\ARM_GCC_541\Debug\01_Electronic_GasPedal.a(ErikaOS_ee_gnu_multi_context.o)
 .debug_info    0x0001441e       0xa1 .\CortexM3\ARM_GCC_541\Debug\01_Electronic_GasPedal.a(ErikaOS_ee_gnu_oo.o)
 .debug_info    0x000144bf       0x9c .\CortexM3\ARM_GCC_541\Debug\01_Electronic_GasPedal.a(CyBootAsmGnu.o)
 .debug_info    0x0001455b      0x43d .\CortexM3\ARM_GCC_541\Debug\01_Electronic_GasPedal.a(ErikaOS_ee_tnterm.o)
 .debug_info    0x00014998      0x487 .\CortexM3\ARM_GCC_541\Debug\01_Electronic_GasPedal.a(ErikaOS_ee_tstub.o)
 .debug_info    0x00014e1f      0x501 .\CortexM3\ARM_GCC_541\Debug\01_Electronic_GasPedal.a(ErikaOS_cortex_mx_ee_context.o)
 .debug_info    0x00015320      0x64d .\CortexM3\ARM_GCC_541\Debug\01_Electronic_GasPedal.a(CyFlash.o)
 .debug_info    0x0001596d      0x550 .\CortexM3\ARM_GCC_541\Debug\01_Electronic_GasPedal.a(CySpc.o)
 .debug_info    0x00015ebd      0x6f9 .\CortexM3\ARM_GCC_541\Debug\01_Electronic_GasPedal.a(ErikaOS_ee_thendin.o)

.debug_abbrev   0x00000000     0x601b
 *(.debug_abbrev)
 .debug_abbrev  0x00000000      0x14a .\CortexM3\ARM_GCC_541\Debug\logging.o
 .debug_abbrev  0x0000014a      0x11e .\CortexM3\ARM_GCC_541\Debug\joystick.o
 .debug_abbrev  0x00000268      0x1c5 .\CortexM3\ARM_GCC_541\Debug\led.o
 .debug_abbrev  0x0000042d       0xdc .\CortexM3\ARM_GCC_541\Debug\intToASCII.o
 .debug_abbrev  0x00000509      0x140 .\CortexM3\ARM_GCC_541\Debug\watchdog.o
 .debug_abbrev  0x00000649      0x208 .\CortexM3\ARM_GCC_541\Debug\main.o
 .debug_abbrev  0x00000851      0x213 .\CortexM3\ARM_GCC_541\Debug\swc_brakelight.o
 .debug_abbrev  0x00000a64      0x226 .\CortexM3\ARM_GCC_541\Debug\swc_control.o
 .debug_abbrev  0x00000c8a      0x23e .\CortexM3\ARM_GCC_541\Debug\swc_engine.o
 .debug_abbrev  0x00000ec8      0x268 .\CortexM3\ARM_GCC_541\Debug\swc_joystick.o
 .debug_abbrev  0x00001130       0x99 .\CortexM3\ARM_GCC_541\Debug\tsk_background.o
 .debug_abbrev  0x000011c9      0x158 .\CortexM3\ARM_GCC_541\Debug\tsk_control.o
 .debug_abbrev  0x00001321      0x167 .\CortexM3\ARM_GCC_541\Debug\tsk_inputoutput.o
 .debug_abbrev  0x00001488       0xa2 .\CortexM3\ARM_GCC_541\Debug\tsk_system.o
 .debug_abbrev  0x0000152a      0x15c .\CortexM3\ARM_GCC_541\Debug\rte.o
 .debug_abbrev  0x00001686       0xd8 .\CortexM3\ARM_GCC_541\Debug\sc_brakelight_type.o
 .debug_abbrev  0x0000175e       0xd8 .\CortexM3\ARM_GCC_541\Debug\sc_engine_type.o
 .debug_abbrev  0x00001836      0x10f .\CortexM3\ARM_GCC_541\Debug\sc_joystick_type.o
 .debug_abbrev  0x00001945      0x193 .\CortexM3\ARM_GCC_541\Debug\sp_common.o
 .debug_abbrev  0x00001ad8      0x20d .\CortexM3\ARM_GCC_541\Debug\cyfitter_cfg.o
 .debug_abbrev  0x00001ce5       0x77 .\CortexM3\ARM_GCC_541\Debug\cymetadata.o
 .debug_abbrev  0x00001d5c      0x1e8 .\CortexM3\ARM_GCC_541\Debug\Cm3Start.o
 .debug_abbrev  0x00001f44      0x284 .\CortexM3\ARM_GCC_541\Debug\01_Electronic_GasPedal.a(ErikaOS_ee_activate.o)
 .debug_abbrev  0x000021c8      0x1f7 .\CortexM3\ARM_GCC_541\Debug\01_Electronic_GasPedal.a(ErikaOS_ee_alsetrel.o)
 .debug_abbrev  0x000023bf      0x362 .\CortexM3\ARM_GCC_541\Debug\01_Electronic_GasPedal.a(ErikaOS_ee_altick.o)
 .debug_abbrev  0x00002721      0x1e0 .\CortexM3\ARM_GCC_541\Debug\01_Electronic_GasPedal.a(ErikaOS_ee_evclear.o)
 .debug_abbrev  0x00002901      0x150 .\CortexM3\ARM_GCC_541\Debug\01_Electronic_GasPedal.a(ErikaOS_ee_evget.o)
 .debug_abbrev  0x00002a51      0x27f .\CortexM3\ARM_GCC_541\Debug\01_Electronic_GasPedal.a(ErikaOS_ee_evset.o)
 .debug_abbrev  0x00002cd0      0x25d .\CortexM3\ARM_GCC_541\Debug\01_Electronic_GasPedal.a(ErikaOS_ee_evwait.o)
 .debug_abbrev  0x00002f2d      0x1da .\CortexM3\ARM_GCC_541\Debug\01_Electronic_GasPedal.a(ErikaOS_ee_irqendin.o)
 .debug_abbrev  0x00003107       0xcf .\CortexM3\ARM_GCC_541\Debug\01_Electronic_GasPedal.a(ErikaOS_ee_lookup.o)
 .debug_abbrev  0x000031d6       0xfc .\CortexM3\ARM_GCC_541\Debug\01_Electronic_GasPedal.a(ErikaOS_ee_rq_exchg.o)
 .debug_abbrev  0x000032d2       0xed .\CortexM3\ARM_GCC_541\Debug\01_Electronic_GasPedal.a(ErikaOS_ee_rq_first.o)
 .debug_abbrev  0x000033bf      0x109 .\CortexM3\ARM_GCC_541\Debug\01_Electronic_GasPedal.a(ErikaOS_ee_rq_inser.o)
 .debug_abbrev  0x000034c8      0x193 .\CortexM3\ARM_GCC_541\Debug\01_Electronic_GasPedal.a(ErikaOS_ee_shtdown.o)
 .debug_abbrev  0x0000365b      0x4a7 .\CortexM3\ARM_GCC_541\Debug\01_Electronic_GasPedal.a(ErikaOS_ee_startos.o)
 .debug_abbrev  0x00003b02      0x1de .\CortexM3\ARM_GCC_541\Debug\01_Electronic_GasPedal.a(ErikaOS_ee_terminat.o)
 .debug_abbrev  0x00003ce0      0x1f0 .\CortexM3\ARM_GCC_541\Debug\01_Electronic_GasPedal.a(ErikaOS_cortex_mx_ee_utils.o)
 .debug_abbrev  0x00003ed0       0xcf .\CortexM3\ARM_GCC_541\Debug\01_Electronic_GasPedal.a(ErikaOS_common_ee_hal_structs.o)
 .debug_abbrev  0x00003f9f      0x127 .\CortexM3\ARM_GCC_541\Debug\01_Electronic_GasPedal.a(ErikaOS_eecfg.o)
 .debug_abbrev  0x000040c6      0x16f .\CortexM3\ARM_GCC_541\Debug\01_Electronic_GasPedal.a(UART_LOG.o)
 .debug_abbrev  0x00004235       0xa2 .\CortexM3\ARM_GCC_541\Debug\01_Electronic_GasPedal.a(UART_LOG_INT.o)
 .debug_abbrev  0x000042d7      0x139 .\CortexM3\ARM_GCC_541\Debug\01_Electronic_GasPedal.a(UART_LOG_IntClock.o)
 .debug_abbrev  0x00004410      0x1b2 .\CortexM3\ARM_GCC_541\Debug\01_Electronic_GasPedal.a(CyDmac.o)
 .debug_abbrev  0x000045c2      0x254 .\CortexM3\ARM_GCC_541\Debug\01_Electronic_GasPedal.a(CyLib.o)
 .debug_abbrev  0x00004816      0x1ab .\CortexM3\ARM_GCC_541\Debug\01_Electronic_GasPedal.a(cyPm.o)
 .debug_abbrev  0x000049c1      0x133 .\CortexM3\ARM_GCC_541\Debug\01_Electronic_GasPedal.a(RGB_PWM_red.o)
 .debug_abbrev  0x00004af4      0x133 .\CortexM3\ARM_GCC_541\Debug\01_Electronic_GasPedal.a(RGB_PWM_green.o)
 .debug_abbrev  0x00004c27       0x90 .\CortexM3\ARM_GCC_541\Debug\01_Electronic_GasPedal.a(LED_red.o)
 .debug_abbrev  0x00004cb7       0x90 .\CortexM3\ARM_GCC_541\Debug\01_Electronic_GasPedal.a(LED_yellow.o)
 .debug_abbrev  0x00004d47       0x90 .\CortexM3\ARM_GCC_541\Debug\01_Electronic_GasPedal.a(LED_green.o)
 .debug_abbrev  0x00004dd7      0x13e .\CortexM3\ARM_GCC_541\Debug\01_Electronic_GasPedal.a(JOYSTICK_ADC_XY.o)
 .debug_abbrev  0x00004f15       0x42 .\CortexM3\ARM_GCC_541\Debug\01_Electronic_GasPedal.a(JOYSTICK_ADC_XY_INT.o)
 .debug_abbrev  0x00004f57      0x133 .\CortexM3\ARM_GCC_541\Debug\01_Electronic_GasPedal.a(RGB_PWM_blue.o)
 .debug_abbrev  0x0000508a      0x1ac .\CortexM3\ARM_GCC_541\Debug\01_Electronic_GasPedal.a(JOYSTICK_ADC_XY_SAR.o)
 .debug_abbrev  0x00005236       0xcd .\CortexM3\ARM_GCC_541\Debug\01_Electronic_GasPedal.a(JOYSTICK_ADC_XY_TempBuf_dma.o)
 .debug_abbrev  0x00005303       0xcd .\CortexM3\ARM_GCC_541\Debug\01_Electronic_GasPedal.a(JOYSTICK_ADC_XY_FinalBuf_dma.o)
 .debug_abbrev  0x000053d0      0x173 .\CortexM3\ARM_GCC_541\Debug\01_Electronic_GasPedal.a(JOYSTICK_ADC_XY_IRQ.o)
 .debug_abbrev  0x00005543       0x90 .\CortexM3\ARM_GCC_541\Debug\01_Electronic_GasPedal.a(testWDT.o)
 .debug_abbrev  0x000055d3       0x90 .\CortexM3\ARM_GCC_541\Debug\01_Electronic_GasPedal.a(OSShutdown.o)
 .debug_abbrev  0x00005663       0x14 .\CortexM3\ARM_GCC_541\Debug\01_Electronic_GasPedal.a(ErikaOS_ee_gnu_change_context_isr.o)
 .debug_abbrev  0x00005677       0x14 .\CortexM3\ARM_GCC_541\Debug\01_Electronic_GasPedal.a(ErikaOS_ee_gnu_irq_stack.o)
 .debug_abbrev  0x0000568b       0x14 .\CortexM3\ARM_GCC_541\Debug\01_Electronic_GasPedal.a(ErikaOS_ee_gnu_multi_context.o)
 .debug_abbrev  0x0000569f       0x14 .\CortexM3\ARM_GCC_541\Debug\01_Electronic_GasPedal.a(ErikaOS_ee_gnu_oo.o)
 .debug_abbrev  0x000056b3       0x14 .\CortexM3\ARM_GCC_541\Debug\01_Electronic_GasPedal.a(CyBootAsmGnu.o)
 .debug_abbrev  0x000056c7      0x157 .\CortexM3\ARM_GCC_541\Debug\01_Electronic_GasPedal.a(ErikaOS_ee_tnterm.o)
 .debug_abbrev  0x0000581e      0x143 .\CortexM3\ARM_GCC_541\Debug\01_Electronic_GasPedal.a(ErikaOS_ee_tstub.o)
 .debug_abbrev  0x00005961      0x156 .\CortexM3\ARM_GCC_541\Debug\01_Electronic_GasPedal.a(ErikaOS_cortex_mx_ee_context.o)
 .debug_abbrev  0x00005ab7      0x1a7 .\CortexM3\ARM_GCC_541\Debug\01_Electronic_GasPedal.a(CyFlash.o)
 .debug_abbrev  0x00005c5e      0x194 .\CortexM3\ARM_GCC_541\Debug\01_Electronic_GasPedal.a(CySpc.o)
 .debug_abbrev  0x00005df2      0x229 .\CortexM3\ARM_GCC_541\Debug\01_Electronic_GasPedal.a(ErikaOS_ee_thendin.o)

.debug_line     0x00000000     0x8bc4
 *(.debug_line)
 .debug_line    0x00000000      0x261 .\CortexM3\ARM_GCC_541\Debug\logging.o
 .debug_line    0x00000261      0x25b .\CortexM3\ARM_GCC_541\Debug\joystick.o
 .debug_line    0x000004bc      0x369 .\CortexM3\ARM_GCC_541\Debug\led.o
 .debug_line    0x00000825      0x232 .\CortexM3\ARM_GCC_541\Debug\intToASCII.o
 .debug_line    0x00000a57      0x28c .\CortexM3\ARM_GCC_541\Debug\watchdog.o
 .debug_line    0x00000ce3      0x5b8 .\CortexM3\ARM_GCC_541\Debug\main.o
 .debug_line    0x0000129b      0x3c9 .\CortexM3\ARM_GCC_541\Debug\swc_brakelight.o
 .debug_line    0x00001664      0x3d0 .\CortexM3\ARM_GCC_541\Debug\swc_control.o
 .debug_line    0x00001a34      0x3dc .\CortexM3\ARM_GCC_541\Debug\swc_engine.o
 .debug_line    0x00001e10      0x39d .\CortexM3\ARM_GCC_541\Debug\swc_joystick.o
 .debug_line    0x000021ad      0x231 .\CortexM3\ARM_GCC_541\Debug\tsk_background.o
 .debug_line    0x000023de      0x280 .\CortexM3\ARM_GCC_541\Debug\tsk_control.o
 .debug_line    0x0000265e      0x281 .\CortexM3\ARM_GCC_541\Debug\tsk_inputoutput.o
 .debug_line    0x000028df      0x22c .\CortexM3\ARM_GCC_541\Debug\tsk_system.o
 .debug_line    0x00002b0b      0x287 .\CortexM3\ARM_GCC_541\Debug\rte.o
 .debug_line    0x00002d92        0x0 .\CortexM3\ARM_GCC_541\Debug\sc_brakelight.o
 .debug_line    0x00002d92      0x249 .\CortexM3\ARM_GCC_541\Debug\sc_brakelight_type.o
 .debug_line    0x00002fdb        0x0 .\CortexM3\ARM_GCC_541\Debug\sc_engine.o
 .debug_line    0x00002fdb      0x241 .\CortexM3\ARM_GCC_541\Debug\sc_engine_type.o
 .debug_line    0x0000321c        0x0 .\CortexM3\ARM_GCC_541\Debug\sc_joystick.o
 .debug_line    0x0000321c      0x26a .\CortexM3\ARM_GCC_541\Debug\sc_joystick_type.o
 .debug_line    0x00003486        0x0 .\CortexM3\ARM_GCC_541\Debug\sc_speed.o
 .debug_line    0x00003486      0x384 .\CortexM3\ARM_GCC_541\Debug\sp_common.o
 .debug_line    0x0000380a      0x205 .\CortexM3\ARM_GCC_541\Debug\cyfitter_cfg.o
 .debug_line    0x00003a0f      0x141 .\CortexM3\ARM_GCC_541\Debug\cymetadata.o
 .debug_line    0x00003b50      0x241 .\CortexM3\ARM_GCC_541\Debug\Cm3Start.o
 .debug_line    0x00003d91      0x1e6 .\CortexM3\ARM_GCC_541\Debug\01_Electronic_GasPedal.a(ErikaOS_ee_activate.o)
 .debug_line    0x00003f77      0x1bd .\CortexM3\ARM_GCC_541\Debug\01_Electronic_GasPedal.a(ErikaOS_ee_alsetrel.o)
 .debug_line    0x00004134      0x2f1 .\CortexM3\ARM_GCC_541\Debug\01_Electronic_GasPedal.a(ErikaOS_ee_altick.o)
 .debug_line    0x00004425      0x1c1 .\CortexM3\ARM_GCC_541\Debug\01_Electronic_GasPedal.a(ErikaOS_ee_evclear.o)
 .debug_line    0x000045e6      0x14b .\CortexM3\ARM_GCC_541\Debug\01_Electronic_GasPedal.a(ErikaOS_ee_evget.o)
 .debug_line    0x00004731      0x1e3 .\CortexM3\ARM_GCC_541\Debug\01_Electronic_GasPedal.a(ErikaOS_ee_evset.o)
 .debug_line    0x00004914      0x1ef .\CortexM3\ARM_GCC_541\Debug\01_Electronic_GasPedal.a(ErikaOS_ee_evwait.o)
 .debug_line    0x00004b03      0x190 .\CortexM3\ARM_GCC_541\Debug\01_Electronic_GasPedal.a(ErikaOS_ee_irqendin.o)
 .debug_line    0x00004c93      0x10b .\CortexM3\ARM_GCC_541\Debug\01_Electronic_GasPedal.a(ErikaOS_ee_lookup.o)
 .debug_line    0x00004d9e      0x14b .\CortexM3\ARM_GCC_541\Debug\01_Electronic_GasPedal.a(ErikaOS_ee_rq_exchg.o)
 .debug_line    0x00004ee9      0x142 .\CortexM3\ARM_GCC_541\Debug\01_Electronic_GasPedal.a(ErikaOS_ee_rq_first.o)
 .debug_line    0x0000502b      0x146 .\CortexM3\ARM_GCC_541\Debug\01_Electronic_GasPedal.a(ErikaOS_ee_rq_inser.o)
 .debug_line    0x00005171      0x169 .\CortexM3\ARM_GCC_541\Debug\01_Electronic_GasPedal.a(ErikaOS_ee_shtdown.o)
 .debug_line    0x000052da      0x3e8 .\CortexM3\ARM_GCC_541\Debug\01_Electronic_GasPedal.a(ErikaOS_ee_startos.o)
 .debug_line    0x000056c2      0x1ac .\CortexM3\ARM_GCC_541\Debug\01_Electronic_GasPedal.a(ErikaOS_ee_terminat.o)
 .debug_line    0x0000586e      0x177 .\CortexM3\ARM_GCC_541\Debug\01_Electronic_GasPedal.a(ErikaOS_cortex_mx_ee_utils.o)
 .debug_line    0x000059e5       0xed .\CortexM3\ARM_GCC_541\Debug\01_Electronic_GasPedal.a(ErikaOS_common_ee_hal_structs.o)
 .debug_line    0x00005ad2      0x12c .\CortexM3\ARM_GCC_541\Debug\01_Electronic_GasPedal.a(ErikaOS_eecfg.o)
 .debug_line    0x00005bfe      0x343 .\CortexM3\ARM_GCC_541\Debug\01_Electronic_GasPedal.a(UART_LOG.o)
 .debug_line    0x00005f41       0xad .\CortexM3\ARM_GCC_541\Debug\01_Electronic_GasPedal.a(UART_LOG_INT.o)
 .debug_line    0x00005fee      0x180 .\CortexM3\ARM_GCC_541\Debug\01_Electronic_GasPedal.a(UART_LOG_IntClock.o)
 .debug_line    0x0000616e      0x2e4 .\CortexM3\ARM_GCC_541\Debug\01_Electronic_GasPedal.a(CyDmac.o)
 .debug_line    0x00006452      0x816 .\CortexM3\ARM_GCC_541\Debug\01_Electronic_GasPedal.a(CyLib.o)
 .debug_line    0x00006c68      0x367 .\CortexM3\ARM_GCC_541\Debug\01_Electronic_GasPedal.a(cyPm.o)
 .debug_line    0x00006fcf      0x18e .\CortexM3\ARM_GCC_541\Debug\01_Electronic_GasPedal.a(RGB_PWM_red.o)
 .debug_line    0x0000715d      0x190 .\CortexM3\ARM_GCC_541\Debug\01_Electronic_GasPedal.a(RGB_PWM_green.o)
 .debug_line    0x000072ed       0x94 .\CortexM3\ARM_GCC_541\Debug\01_Electronic_GasPedal.a(LED_red.o)
 .debug_line    0x00007381       0x97 .\CortexM3\ARM_GCC_541\Debug\01_Electronic_GasPedal.a(LED_yellow.o)
 .debug_line    0x00007418       0x96 .\CortexM3\ARM_GCC_541\Debug\01_Electronic_GasPedal.a(LED_green.o)
 .debug_line    0x000074ae      0x23e .\CortexM3\ARM_GCC_541\Debug\01_Electronic_GasPedal.a(JOYSTICK_ADC_XY.o)
 .debug_line    0x000076ec       0x5c .\CortexM3\ARM_GCC_541\Debug\01_Electronic_GasPedal.a(JOYSTICK_ADC_XY_INT.o)
 .debug_line    0x00007748      0x18f .\CortexM3\ARM_GCC_541\Debug\01_Electronic_GasPedal.a(RGB_PWM_blue.o)
 .debug_line    0x000078d7      0x20f .\CortexM3\ARM_GCC_541\Debug\01_Electronic_GasPedal.a(JOYSTICK_ADC_XY_SAR.o)
 .debug_line    0x00007ae6       0x94 .\CortexM3\ARM_GCC_541\Debug\01_Electronic_GasPedal.a(JOYSTICK_ADC_XY_TempBuf_dma.o)
 .debug_line    0x00007b7a       0x95 .\CortexM3\ARM_GCC_541\Debug\01_Electronic_GasPedal.a(JOYSTICK_ADC_XY_FinalBuf_dma.o)
 .debug_line    0x00007c0f      0x140 .\CortexM3\ARM_GCC_541\Debug\01_Electronic_GasPedal.a(JOYSTICK_ADC_XY_IRQ.o)
 .debug_line    0x00007d4f       0x94 .\CortexM3\ARM_GCC_541\Debug\01_Electronic_GasPedal.a(testWDT.o)
 .debug_line    0x00007de3       0x97 .\CortexM3\ARM_GCC_541\Debug\01_Electronic_GasPedal.a(OSShutdown.o)
 .debug_line    0x00007e7a       0xac .\CortexM3\ARM_GCC_541\Debug\01_Electronic_GasPedal.a(ErikaOS_ee_gnu_change_context_isr.o)
 .debug_line    0x00007f26       0x72 .\CortexM3\ARM_GCC_541\Debug\01_Electronic_GasPedal.a(ErikaOS_ee_gnu_irq_stack.o)
 .debug_line    0x00007f98       0x9b .\CortexM3\ARM_GCC_541\Debug\01_Electronic_GasPedal.a(ErikaOS_ee_gnu_multi_context.o)
 .debug_line    0x00008033       0x97 .\CortexM3\ARM_GCC_541\Debug\01_Electronic_GasPedal.a(ErikaOS_ee_gnu_oo.o)
 .debug_line    0x000080ca       0x66 .\CortexM3\ARM_GCC_541\Debug\01_Electronic_GasPedal.a(CyBootAsmGnu.o)
 .debug_line    0x00008130      0x169 .\CortexM3\ARM_GCC_541\Debug\01_Electronic_GasPedal.a(ErikaOS_ee_tnterm.o)
 .debug_line    0x00008299      0x160 .\CortexM3\ARM_GCC_541\Debug\01_Electronic_GasPedal.a(ErikaOS_ee_tstub.o)
 .debug_line    0x000083f9      0x19a .\CortexM3\ARM_GCC_541\Debug\01_Electronic_GasPedal.a(ErikaOS_cortex_mx_ee_context.o)
 .debug_line    0x00008593      0x21a .\CortexM3\ARM_GCC_541\Debug\01_Electronic_GasPedal.a(CyFlash.o)
 .debug_line    0x000087ad      0x260 .\CortexM3\ARM_GCC_541\Debug\01_Electronic_GasPedal.a(CySpc.o)
 .debug_line    0x00008a0d      0x1b7 .\CortexM3\ARM_GCC_541\Debug\01_Electronic_GasPedal.a(ErikaOS_ee_thendin.o)

.debug_frame    0x00000000     0x29c4
 *(.debug_frame)
 .debug_frame   0x00000000       0x48 .\CortexM3\ARM_GCC_541\Debug\logging.o
 .debug_frame   0x00000048       0x4c .\CortexM3\ARM_GCC_541\Debug\joystick.o
 .debug_frame   0x00000094       0x8c .\CortexM3\ARM_GCC_541\Debug\led.o
 .debug_frame   0x00000120       0x3c .\CortexM3\ARM_GCC_541\Debug\intToASCII.o
 .debug_frame   0x0000015c       0x68 .\CortexM3\ARM_GCC_541\Debug\watchdog.o
 .debug_frame   0x000001c4      0x13c .\CortexM3\ARM_GCC_541\Debug\main.o
 .debug_frame   0x00000300       0x30 .\CortexM3\ARM_GCC_541\Debug\swc_brakelight.o
 .debug_frame   0x00000330       0x34 .\CortexM3\ARM_GCC_541\Debug\swc_control.o
 .debug_frame   0x00000364       0x30 .\CortexM3\ARM_GCC_541\Debug\swc_engine.o
 .debug_frame   0x00000394       0x38 .\CortexM3\ARM_GCC_541\Debug\swc_joystick.o
 .debug_frame   0x000003cc       0x2c .\CortexM3\ARM_GCC_541\Debug\tsk_background.o
 .debug_frame   0x000003f8       0x2c .\CortexM3\ARM_GCC_541\Debug\tsk_control.o
 .debug_frame   0x00000424       0x2c .\CortexM3\ARM_GCC_541\Debug\tsk_inputoutput.o
 .debug_frame   0x00000450       0x2c .\CortexM3\ARM_GCC_541\Debug\tsk_system.o
 .debug_frame   0x0000047c       0x60 .\CortexM3\ARM_GCC_541\Debug\rte.o
 .debug_frame   0x000004dc       0x20 .\CortexM3\ARM_GCC_541\Debug\sc_brakelight_type.o
 .debug_frame   0x000004fc       0x20 .\CortexM3\ARM_GCC_541\Debug\sc_engine_type.o
 .debug_frame   0x0000051c       0x2c .\CortexM3\ARM_GCC_541\Debug\sc_joystick_type.o
 .debug_frame   0x00000548       0x20 .\CortexM3\ARM_GCC_541\Debug\sp_common.o
 .debug_frame   0x00000568       0xfc .\CortexM3\ARM_GCC_541\Debug\cyfitter_cfg.o
 .debug_frame   0x00000664       0xb8 .\CortexM3\ARM_GCC_541\Debug\Cm3Start.o
 .debug_frame   0x0000071c       0x30 .\CortexM3\ARM_GCC_541\Debug\01_Electronic_GasPedal.a(ErikaOS_ee_activate.o)
 .debug_frame   0x0000074c       0x38 .\CortexM3\ARM_GCC_541\Debug\01_Electronic_GasPedal.a(ErikaOS_ee_alsetrel.o)
 .debug_frame   0x00000784      0x10c .\CortexM3\ARM_GCC_541\Debug\01_Electronic_GasPedal.a(ErikaOS_ee_altick.o)
 .debug_frame   0x00000890       0x38 .\CortexM3\ARM_GCC_541\Debug\01_Electronic_GasPedal.a(ErikaOS_ee_evclear.o)
 .debug_frame   0x000008c8       0x20 .\CortexM3\ARM_GCC_541\Debug\01_Electronic_GasPedal.a(ErikaOS_ee_evget.o)
 .debug_frame   0x000008e8       0x30 .\CortexM3\ARM_GCC_541\Debug\01_Electronic_GasPedal.a(ErikaOS_ee_evset.o)
 .debug_frame   0x00000918       0x30 .\CortexM3\ARM_GCC_541\Debug\01_Electronic_GasPedal.a(ErikaOS_ee_evwait.o)
 .debug_frame   0x00000948       0x58 .\CortexM3\ARM_GCC_541\Debug\01_Electronic_GasPedal.a(ErikaOS_ee_irqendin.o)
 .debug_frame   0x000009a0       0x3c .\CortexM3\ARM_GCC_541\Debug\01_Electronic_GasPedal.a(ErikaOS_ee_rq_exchg.o)
 .debug_frame   0x000009dc       0x20 .\CortexM3\ARM_GCC_541\Debug\01_Electronic_GasPedal.a(ErikaOS_ee_rq_first.o)
 .debug_frame   0x000009fc       0x30 .\CortexM3\ARM_GCC_541\Debug\01_Electronic_GasPedal.a(ErikaOS_ee_rq_inser.o)
 .debug_frame   0x00000a2c       0x58 .\CortexM3\ARM_GCC_541\Debug\01_Electronic_GasPedal.a(ErikaOS_ee_shtdown.o)
 .debug_frame   0x00000a84       0x90 .\CortexM3\ARM_GCC_541\Debug\01_Electronic_GasPedal.a(ErikaOS_ee_startos.o)
 .debug_frame   0x00000b14       0x2c .\CortexM3\ARM_GCC_541\Debug\01_Electronic_GasPedal.a(ErikaOS_ee_terminat.o)
 .debug_frame   0x00000b40       0x30 .\CortexM3\ARM_GCC_541\Debug\01_Electronic_GasPedal.a(ErikaOS_cortex_mx_ee_utils.o)
 .debug_frame   0x00000b70      0x25c .\CortexM3\ARM_GCC_541\Debug\01_Electronic_GasPedal.a(UART_LOG.o)
 .debug_frame   0x00000dcc       0x30 .\CortexM3\ARM_GCC_541\Debug\01_Electronic_GasPedal.a(UART_LOG_INT.o)
 .debug_frame   0x00000dfc       0xe0 .\CortexM3\ARM_GCC_541\Debug\01_Electronic_GasPedal.a(UART_LOG_IntClock.o)
 .debug_frame   0x00000edc      0x1f8 .\CortexM3\ARM_GCC_541\Debug\01_Electronic_GasPedal.a(CyDmac.o)
 .debug_frame   0x000010d4      0x738 .\CortexM3\ARM_GCC_541\Debug\01_Electronic_GasPedal.a(CyLib.o)
 .debug_frame   0x0000180c      0x1f8 .\CortexM3\ARM_GCC_541\Debug\01_Electronic_GasPedal.a(cyPm.o)
 .debug_frame   0x00001a04      0x134 .\CortexM3\ARM_GCC_541\Debug\01_Electronic_GasPedal.a(RGB_PWM_red.o)
 .debug_frame   0x00001b38      0x134 .\CortexM3\ARM_GCC_541\Debug\01_Electronic_GasPedal.a(RGB_PWM_green.o)
 .debug_frame   0x00001c6c       0x50 .\CortexM3\ARM_GCC_541\Debug\01_Electronic_GasPedal.a(LED_red.o)
 .debug_frame   0x00001cbc       0x50 .\CortexM3\ARM_GCC_541\Debug\01_Electronic_GasPedal.a(LED_yellow.o)
 .debug_frame   0x00001d0c       0x50 .\CortexM3\ARM_GCC_541\Debug\01_Electronic_GasPedal.a(LED_green.o)
 .debug_frame   0x00001d5c      0x1dc .\CortexM3\ARM_GCC_541\Debug\01_Electronic_GasPedal.a(JOYSTICK_ADC_XY.o)
 .debug_frame   0x00001f38       0x20 .\CortexM3\ARM_GCC_541\Debug\01_Electronic_GasPedal.a(JOYSTICK_ADC_XY_INT.o)
 .debug_frame   0x00001f58      0x134 .\CortexM3\ARM_GCC_541\Debug\01_Electronic_GasPedal.a(RGB_PWM_blue.o)
 .debug_frame   0x0000208c      0x1b0 .\CortexM3\ARM_GCC_541\Debug\01_Electronic_GasPedal.a(JOYSTICK_ADC_XY_SAR.o)
 .debug_frame   0x0000223c       0x54 .\CortexM3\ARM_GCC_541\Debug\01_Electronic_GasPedal.a(JOYSTICK_ADC_XY_TempBuf_dma.o)
 .debug_frame   0x00002290       0x54 .\CortexM3\ARM_GCC_541\Debug\01_Electronic_GasPedal.a(JOYSTICK_ADC_XY_FinalBuf_dma.o)
 .debug_frame   0x000022e4      0x104 .\CortexM3\ARM_GCC_541\Debug\01_Electronic_GasPedal.a(JOYSTICK_ADC_XY_IRQ.o)
 .debug_frame   0x000023e8       0x50 .\CortexM3\ARM_GCC_541\Debug\01_Electronic_GasPedal.a(testWDT.o)
 .debug_frame   0x00002438       0x50 .\CortexM3\ARM_GCC_541\Debug\01_Electronic_GasPedal.a(OSShutdown.o)
 .debug_frame   0x00002488       0x2c .\CortexM3\ARM_GCC_541\Debug\01_Electronic_GasPedal.a(ErikaOS_ee_tnterm.o)